Archive member included to satisfy reference by file (symbol)

/opt/st/stm32cubeide_1.12.1/plugins/com.st.stm32cube.ide.mcu.externaltools.gnu-tools-for-stm32.10.3-2021.10.linux64_1.0.200.202301161003/tools/bin/../lib/gcc/arm-none-eabi/10.3.1/../../../../arm-none-eabi/lib/thumb/v7e-m+fp/hard/libc_nano.a(lib_a-errno.o)
                              ./Src/syscalls.o (__errno)
/opt/st/stm32cubeide_1.12.1/plugins/com.st.stm32cube.ide.mcu.externaltools.gnu-tools-for-stm32.10.3-2021.10.linux64_1.0.200.202301161003/tools/bin/../lib/gcc/arm-none-eabi/10.3.1/../../../../arm-none-eabi/lib/thumb/v7e-m+fp/hard/libc_nano.a(lib_a-exit.o)
                              /opt/st/stm32cubeide_1.12.1/plugins/com.st.stm32cube.ide.mcu.externaltools.gnu-tools-for-stm32.10.3-2021.10.linux64_1.0.200.202301161003/tools/bin/../lib/gcc/arm-none-eabi/10.3.1/../../../../arm-none-eabi/lib/thumb/v7e-m+fp/hard/crt0.o (exit)
/opt/st/stm32cubeide_1.12.1/plugins/com.st.stm32cube.ide.mcu.externaltools.gnu-tools-for-stm32.10.3-2021.10.linux64_1.0.200.202301161003/tools/bin/../lib/gcc/arm-none-eabi/10.3.1/../../../../arm-none-eabi/lib/thumb/v7e-m+fp/hard/libc_nano.a(lib_a-impure.o)
                              /opt/st/stm32cubeide_1.12.1/plugins/com.st.stm32cube.ide.mcu.externaltools.gnu-tools-for-stm32.10.3-2021.10.linux64_1.0.200.202301161003/tools/bin/../lib/gcc/arm-none-eabi/10.3.1/../../../../arm-none-eabi/lib/thumb/v7e-m+fp/hard/libc_nano.a(lib_a-exit.o) (_global_impure_ptr)
/opt/st/stm32cubeide_1.12.1/plugins/com.st.stm32cube.ide.mcu.externaltools.gnu-tools-for-stm32.10.3-2021.10.linux64_1.0.200.202301161003/tools/bin/../lib/gcc/arm-none-eabi/10.3.1/../../../../arm-none-eabi/lib/thumb/v7e-m+fp/hard/libc_nano.a(lib_a-init.o)
                              /opt/st/stm32cubeide_1.12.1/plugins/com.st.stm32cube.ide.mcu.externaltools.gnu-tools-for-stm32.10.3-2021.10.linux64_1.0.200.202301161003/tools/bin/../lib/gcc/arm-none-eabi/10.3.1/../../../../arm-none-eabi/lib/thumb/v7e-m+fp/hard/crt0.o (__libc_init_array)
/opt/st/stm32cubeide_1.12.1/plugins/com.st.stm32cube.ide.mcu.externaltools.gnu-tools-for-stm32.10.3-2021.10.linux64_1.0.200.202301161003/tools/bin/../lib/gcc/arm-none-eabi/10.3.1/../../../../arm-none-eabi/lib/thumb/v7e-m+fp/hard/libc_nano.a(lib_a-memset.o)
                              /opt/st/stm32cubeide_1.12.1/plugins/com.st.stm32cube.ide.mcu.externaltools.gnu-tools-for-stm32.10.3-2021.10.linux64_1.0.200.202301161003/tools/bin/../lib/gcc/arm-none-eabi/10.3.1/../../../../arm-none-eabi/lib/thumb/v7e-m+fp/hard/crt0.o (memset)
/opt/st/stm32cubeide_1.12.1/plugins/com.st.stm32cube.ide.mcu.externaltools.gnu-tools-for-stm32.10.3-2021.10.linux64_1.0.200.202301161003/tools/bin/../lib/gcc/arm-none-eabi/10.3.1/thumb/v7e-m+fp/hard/libgcc.a(_arm_muldf3.o)
                              ./STM32-Drivers/HMCAL/USART/USART.o (__aeabi_dmul)
/opt/st/stm32cubeide_1.12.1/plugins/com.st.stm32cube.ide.mcu.externaltools.gnu-tools-for-stm32.10.3-2021.10.linux64_1.0.200.202301161003/tools/bin/../lib/gcc/arm-none-eabi/10.3.1/thumb/v7e-m+fp/hard/libgcc.a(_arm_addsubdf3.o)
                              ./STM32-Drivers/LMCAL/SYSTICK/SYSTICK.o (__aeabi_dsub)
/opt/st/stm32cubeide_1.12.1/plugins/com.st.stm32cube.ide.mcu.externaltools.gnu-tools-for-stm32.10.3-2021.10.linux64_1.0.200.202301161003/tools/bin/../lib/gcc/arm-none-eabi/10.3.1/thumb/v7e-m+fp/hard/libgcc.a(_arm_muldivdf3.o)
                              ./STM32-Drivers/LMCAL/SYSTICK/SYSTICK.o (__aeabi_ddiv)
/opt/st/stm32cubeide_1.12.1/plugins/com.st.stm32cube.ide.mcu.externaltools.gnu-tools-for-stm32.10.3-2021.10.linux64_1.0.200.202301161003/tools/bin/../lib/gcc/arm-none-eabi/10.3.1/thumb/v7e-m+fp/hard/libgcc.a(_arm_cmpdf2.o)
                              ./STM32-Drivers/LMCAL/SYSTICK/SYSTICK.o (__aeabi_dcmplt)
/opt/st/stm32cubeide_1.12.1/plugins/com.st.stm32cube.ide.mcu.externaltools.gnu-tools-for-stm32.10.3-2021.10.linux64_1.0.200.202301161003/tools/bin/../lib/gcc/arm-none-eabi/10.3.1/thumb/v7e-m+fp/hard/libgcc.a(_arm_fixunsdfsi.o)
                              ./STM32-Drivers/HMCAL/USART/USART.o (__aeabi_d2uiz)

Discarded input sections

 .text          0x0000000000000000        0x0 /opt/st/stm32cubeide_1.12.1/plugins/com.st.stm32cube.ide.mcu.externaltools.gnu-tools-for-stm32.10.3-2021.10.linux64_1.0.200.202301161003/tools/bin/../lib/gcc/arm-none-eabi/10.3.1/thumb/v7e-m+fp/hard/crti.o
 .data          0x0000000000000000        0x0 /opt/st/stm32cubeide_1.12.1/plugins/com.st.stm32cube.ide.mcu.externaltools.gnu-tools-for-stm32.10.3-2021.10.linux64_1.0.200.202301161003/tools/bin/../lib/gcc/arm-none-eabi/10.3.1/thumb/v7e-m+fp/hard/crti.o
 .bss           0x0000000000000000        0x0 /opt/st/stm32cubeide_1.12.1/plugins/com.st.stm32cube.ide.mcu.externaltools.gnu-tools-for-stm32.10.3-2021.10.linux64_1.0.200.202301161003/tools/bin/../lib/gcc/arm-none-eabi/10.3.1/thumb/v7e-m+fp/hard/crti.o
[...]
Memory Configuration

Name             Origin             Length             Attributes
CCMRAM           0x0000000010000000 0x0000000000010000 xrw
RAM              0x0000000020000000 0x0000000000020000 xrw
FLASH            0x0000000008000000 0x0000000000100000 xr
*default*        0x0000000000000000 0xffffffffffffffff

Linker script and memory map

LOAD /opt/st/stm32cubeide_1.12.1/plugins/com.st.stm32cube.ide.mcu.externaltools.gnu-tools-for-stm32.10.3-2021.10.linux64_1.0.200.202301161003/tools/bin/../lib/gcc/arm-none-eabi/10.3.1/thumb/v7e-m+fp/hard/crti.o
LOAD /opt/st/stm32cubeide_1.12.1/plugins/com.st.stm32cube.ide.mcu.externaltools.gnu-tools-for-stm32.10.3-2021.10.linux64_1.0.200.202301161003/tools/bin/../lib/gcc/arm-none-eabi/10.3.1/thumb/v7e-m+fp/hard/crtbegin.o
LOAD /opt/st/stm32cubeide_1.12.1/plugins/com.st.stm32cube.ide.mcu.externaltools.gnu-tools-for-stm32.10.3-2021.10.linux64_1.0.200.202301161003/tools/bin/../lib/gcc/arm-none-eabi/10.3.1/../../../../arm-none-eabi/lib/thumb/v7e-m+fp/hard/crt0.o
LOAD ./STM32-Drivers/HAL/Button/Button.o
LOAD ./STM32-Drivers/HAL/Buzzer/Buzzer.o
LOAD ./STM32-Drivers/HAL/DCMotor/DCMotor.o
LOAD ./STM32-Drivers/HAL/Keypad/Keypad.o
LOAD ./STM32-Drivers/HAL/LED/LED.o
LOAD ./STM32-Drivers/HAL/ServoMotor/ServoMotor.o
LOAD ./STM32-Drivers/HAL/SevenSegment/SevenSegment.o
LOAD ./STM32-Drivers/HAL/SevenSegment_Module56D330/SevenSegmentSevenSegmentModule56D330.o
LOAD ./STM32-Drivers/HAL/TFTLCD/TFTLCD.o
LOAD ./STM32-Drivers/HAL/TFTLCD/TFTTestImage.o
LOAD ./STM32-Drivers/HMCAL/ADC/ADC.o
LOAD ./STM32-Drivers/HMCAL/CAN/CAN.o
LOAD ./STM32-Drivers/HMCAL/DAC/DAC.o
LOAD ./STM32-Drivers/HMCAL/DMA/DMA.o
LOAD ./STM32-Drivers/HMCAL/EXTI/EXTI.o
LOAD ./STM32-Drivers/HMCAL/FMI/FMI.o
LOAD ./STM32-Drivers/HMCAL/GPIO/GPIO.o
LOAD ./STM32-Drivers/HMCAL/IWDG/IWDG.o
LOAD ./STM32-Drivers/HMCAL/Interrupt/InterruptHandlers.o
LOAD ./STM32-Drivers/HMCAL/RCC/RCC.o
LOAD ./STM32-Drivers/HMCAL/SPI/SPI.o
LOAD ./STM32-Drivers/HMCAL/SYSCFG/SYSCFG.o
LOAD ./STM32-Drivers/HMCAL/TIM/TIM.o
LOAD ./STM32-Drivers/HMCAL/USART/USART.o
LOAD ./STM32-Drivers/LIB/CRC/CRC.o
LOAD ./STM32-Drivers/LIB/Delay/Delay.o
LOAD ./STM32-Drivers/LIB/RandomNumberGenerator/RNG.o
LOAD ./STM32-Drivers/LIB/utils.o
LOAD ./STM32-Drivers/LMCAL/NVIC/NVIC.o
LOAD ./STM32-Drivers/LMCAL/SCB/SCB.o
LOAD ./STM32-Drivers/LMCAL/SYSTICK/SYSTICK.o
LOAD ./STM32_Drivers_Configurations/Driver_SystemInitialization.o
LOAD ./Src/main.o
LOAD ./Src/syscalls.o
LOAD ./Src/sysmem.o
LOAD ./Startup/startup_stm32f407vgtx.o
START GROUP
LOAD /opt/st/stm32cubeide_1.12.1/plugins/com.st.stm32cube.ide.mcu.externaltools.gnu-tools-for-stm32.10.3-2021.10.linux64_1.0.200.202301161003/tools/bin/../lib/gcc/arm-none-eabi/10.3.1/../../../../arm-none-eabi/lib/thumb/v7e-m+fp/hard/libc_nano.a
LOAD /opt/st/stm32cubeide_1.12.1/plugins/com.st.stm32cube.ide.mcu.externaltools.gnu-tools-for-stm32.10.3-2021.10.linux64_1.0.200.202301161003/tools/bin/../lib/gcc/arm-none-eabi/10.3.1/../../../../arm-none-eabi/lib/thumb/v7e-m+fp/hard/libm.a
END GROUP
START GROUP
LOAD /opt/st/stm32cubeide_1.12.1/plugins/com.st.stm32cube.ide.mcu.externaltools.gnu-tools-for-stm32.10.3-2021.10.linux64_1.0.200.202301161003/tools/bin/../lib/gcc/arm-none-eabi/10.3.1/thumb/v7e-m+fp/hard/libgcc.a
LOAD /opt/st/stm32cubeide_1.12.1/plugins/com.st.stm32cube.ide.mcu.externaltools.gnu-tools-for-stm32.10.3-2021.10.linux64_1.0.200.202301161003/tools/bin/../lib/gcc/arm-none-eabi/10.3.1/../../../../arm-none-eabi/lib/thumb/v7e-m+fp/hard/libc_nano.a
END GROUP
START GROUP
LOAD /opt/st/stm32cubeide_1.12.1/plugins/com.st.stm32cube.ide.mcu.externaltools.gnu-tools-for-stm32.10.3-2021.10.linux64_1.0.200.202301161003/tools/bin/../lib/gcc/arm-none-eabi/10.3.1/thumb/v7e-m+fp/hard/libgcc.a
LOAD /opt/st/stm32cubeide_1.12.1/plugins/com.st.stm32cube.ide.mcu.externaltools.gnu-tools-for-stm32.10.3-2021.10.linux64_1.0.200.202301161003/tools/bin/../lib/gcc/arm-none-eabi/10.3.1/../../../../arm-none-eabi/lib/thumb/v7e-m+fp/hard/libc_nano.a
LOAD /opt/st/stm32cubeide_1.12.1/plugins/com.st.stm32cube.ide.mcu.externaltools.gnu-tools-for-stm32.10.3-2021.10.linux64_1.0.200.202301161003/tools/bin/../lib/gcc/arm-none-eabi/10.3.1/../../../../arm-none-eabi/lib/thumb/v7e-m+fp/hard/libnosys.a
END GROUP
START GROUP
LOAD /opt/st/stm32cubeide_1.12.1/plugins/com.st.stm32cube.ide.mcu.externaltools.gnu-tools-for-stm32.10.3-2021.10.linux64_1.0.200.202301161003/tools/bin/../lib/gcc/arm-none-eabi/10.3.1/thumb/v7e-m+fp/hard/libgcc.a
LOAD /opt/st/stm32cubeide_1.12.1/plugins/com.st.stm32cube.ide.mcu.externaltools.gnu-tools-for-stm32.10.3-2021.10.linux64_1.0.200.202301161003/tools/bin/../lib/gcc/arm-none-eabi/10.3.1/../../../../arm-none-eabi/lib/thumb/v7e-m+fp/hard/libc_nano.a
LOAD /opt/st/stm32cubeide_1.12.1/plugins/com.st.stm32cube.ide.mcu.externaltools.gnu-tools-for-stm32.10.3-2021.10.linux64_1.0.200.202301161003/tools/bin/../lib/gcc/arm-none-eabi/10.3.1/../../../../arm-none-eabi/lib/thumb/v7e-m+fp/hard/libnosys.a
END GROUP
LOAD /opt/st/stm32cubeide_1.12.1/plugins/com.st.stm32cube.ide.mcu.externaltools.gnu-tools-for-stm32.10.3-2021.10.linux64_1.0.200.202301161003/tools/bin/../lib/gcc/arm-none-eabi/10.3.1/thumb/v7e-m+fp/hard/crtend.o
LOAD /opt/st/stm32cubeide_1.12.1/plugins/com.st.stm32cube.ide.mcu.externaltools.gnu-tools-for-stm32.10.3-2021.10.linux64_1.0.200.202301161003/tools/bin/../lib/gcc/arm-none-eabi/10.3.1/thumb/v7e-m+fp/hard/crtn.o
                0x0000000020020000                _estack = (ORIGIN (RAM) + LENGTH (RAM))
                0x0000000000000200                _Min_Heap_Size = 0x200
                0x0000000000000400                _Min_Stack_Size = 0x400

.isr_vector     0x0000000008000000      0x1a8
                0x0000000008000000                . = ALIGN (0x4)
 *(.isr_vector)
 .isr_vector    0x0000000008000000      0x1a8 ./Startup/startup_stm32f407vgtx.o
                0x0000000008000000                g_pfnVectors
                0x00000000080001a8                . = ALIGN (0x4)

.text           0x00000000080001a8     0x4730
                0x00000000080001a8                . = ALIGN (0x4)
 *(.text)
 .text          0x00000000080001a8       0x40 /opt/st/stm32cubeide_1.12.1/plugins/com.st.stm32cube.ide.mcu.externaltools.gnu-tools-for-stm32.10.3-2021.10.linux64_1.0.200.202301161003/tools/bin/../lib/gcc/arm-none-eabi/10.3.1/thumb/v7e-m+fp/hard/crtbegin.o
 .text          0x00000000080001e8      0x378 /opt/st/stm32cubeide_1.12.1/plugins/com.st.stm32cube.ide.mcu.externaltools.gnu-tools-for-stm32.10.3-2021.10.linux64_1.0.200.202301161003/tools/bin/../lib/gcc/arm-none-eabi/10.3.1/thumb/v7e-m+fp/hard/libgcc.a(_arm_addsubdf3.o)
                0x00000000080001e8                __aeabi_drsub
                0x00000000080001f0                __aeabi_dsub
                0x00000000080001f0                __subdf3
                0x00000000080001f4                __adddf3
                0x00000000080001f4                __aeabi_dadd
                0x000000000800046c                __aeabi_ui2d
                0x000000000800046c                __floatunsidf
                0x000000000800048c                __floatsidf
                0x000000000800048c                __aeabi_i2d
                0x00000000080004b0                __extendsfdf2
                0x00000000080004b0                __aeabi_f2d
                0x00000000080004f4                __aeabi_ul2d
                0x00000000080004f4                __floatundidf
                0x0000000008000504                __floatdidf
                0x0000000008000504                __aeabi_l2d
 .text          0x0000000008000560      0x424 /opt/st/stm32cubeide_1.12.1/plugins/com.st.stm32cube.ide.mcu.externaltools.gnu-tools-for-stm32.10.3-2021.10.linux64_1.0.200.202301161003/tools/bin/../lib/gcc/arm-none-eabi/10.3.1/thumb/v7e-m+fp/hard/libgcc.a(_arm_muldivdf3.o)
                0x0000000008000560                __aeabi_dmul
                0x0000000008000560                __muldf3
                0x00000000080007b4                __aeabi_ddiv
                0x00000000080007b4                __divdf3
 .text          0x0000000008000984      0x110 /opt/st/stm32cubeide_1.12.1/plugins/com.st.stm32cube.ide.mcu.externaltools.gnu-tools-for-stm32.10.3-2021.10.linux64_1.0.200.202301161003/tools/bin/../lib/gcc/arm-none-eabi/10.3.1/thumb/v7e-m+fp/hard/libgcc.a(_arm_cmpdf2.o)
                0x0000000008000984                __gtdf2
                0x0000000008000984                __gedf2
                0x000000000800098c                __ltdf2
                0x000000000800098c                __ledf2
                0x0000000008000994                __cmpdf2
                0x0000000008000994                __eqdf2
                0x0000000008000994                __nedf2
                0x0000000008000a10                __aeabi_cdrcmple
                0x0000000008000a20                __aeabi_cdcmple
                0x0000000008000a20                __aeabi_cdcmpeq
                0x0000000008000a30                __aeabi_dcmpeq
                0x0000000008000a44                __aeabi_dcmplt
                0x0000000008000a58                __aeabi_dcmple
                0x0000000008000a6c                __aeabi_dcmpge
                0x0000000008000a80                __aeabi_dcmpgt
 .text          0x0000000008000a94       0x40 /opt/st/stm32cubeide_1.12.1/plugins/com.st.stm32cube.ide.mcu.externaltools.gnu-tools-for-stm32.10.3-2021.10.linux64_1.0.200.202301161003/tools/bin/../lib/gcc/arm-none-eabi/10.3.1/thumb/v7e-m+fp/hard/libgcc.a(_arm_fixunsdfsi.o)
                0x0000000008000a94                __fixunsdfsi
                0x0000000008000a94                __aeabi_d2uiz
 *(.text*)
 .text.CAN_Config_v
                0x0000000008000ad4      0x504 ./STM32-Drivers/HMCAL/CAN/CAN.o
                0x0000000008000ad4                CAN_Config_v
 .text.CAN_SendData_v
                0x0000000008000fd8      0x408 ./STM32-Drivers/HMCAL/CAN/CAN.o
                0x0000000008000fd8                CAN_SendData_v
 .text.CAN_AddRxFilter_v
                0x00000000080013e0      0x540 ./STM32-Drivers/HMCAL/CAN/CAN.o
                0x00000000080013e0                CAN_AddRxFilter_v
 .text.CAN_Receive_v
                0x0000000008001920      0x2a8 ./STM32-Drivers/HMCAL/CAN/CAN.o
                0x0000000008001920                CAN_Receive_v
 .text.DMA_Config_v
                0x0000000008001bc8      0x5d0 ./STM32-Drivers/HMCAL/DMA/DMA.o
                0x0000000008001bc8                DMA_Config_v
 .text.DMA_EnableDMA_v
                0x0000000008002198       0x90 ./STM32-Drivers/HMCAL/DMA/DMA.o
                0x0000000008002198                DMA_EnableDMA_v
 .text.DMA_DisableDMA_v
                0x0000000008002228       0x90 ./STM32-Drivers/HMCAL/DMA/DMA.o
                0x0000000008002228                DMA_DisableDMA_v
 .text.DMA_CheckInterruptAndClear_Bool
                0x00000000080022b8      0x11c ./STM32-Drivers/HMCAL/DMA/DMA.o
                0x00000000080022b8                DMA_CheckInterruptAndClear_Bool
 .text.EXTI_CheckInterrupt_Bool
                0x00000000080023d4       0x34 ./STM32-Drivers/HMCAL/EXTI/EXTI.o
                0x00000000080023d4                EXTI_CheckInterrupt_Bool
 .text.EXTI_ClearInterrupt_v
                0x0000000008002408       0x44 ./STM32-Drivers/HMCAL/EXTI/EXTI.o
                0x0000000008002408                EXTI_ClearInterrupt_v
 .text.GPIO_Config_v
                0x000000000800244c      0x2f4 ./STM32-Drivers/HMCAL/GPIO/GPIO.o
                0x000000000800244c                GPIO_Config_v
 .text.GPIO_MapGPIOPIN_v
                0x0000000008002740       0xc8 ./STM32-Drivers/HMCAL/GPIO/GPIO.o
                0x0000000008002740                GPIO_MapGPIOPIN_v
 .text.InterruptHandler_Init_v
                0x0000000008002808       0xe4 ./STM32-Drivers/HMCAL/Interrupt/InterruptHandlers.o
                0x0000000008002808                InterruptHandler_Init_v
 .text.InterruptHandler_SetDMACallback_v
                0x00000000080028ec       0x6c ./STM32-Drivers/HMCAL/Interrupt/InterruptHandlers.o
                0x00000000080028ec                InterruptHandler_SetDMACallback_v
 .text.NMI_Handler
                0x0000000008002958        0xe ./STM32-Drivers/HMCAL/Interrupt/InterruptHandlers.o
                0x0000000008002958                NMI_Handler
 .text.HardFault_Handler
                0x0000000008002966        0xe ./STM32-Drivers/HMCAL/Interrupt/InterruptHandlers.o
                0x0000000008002966                HardFault_Handler
 .text.MemManage_Handler
                0x0000000008002974        0xe ./STM32-Drivers/HMCAL/Interrupt/InterruptHandlers.o
                0x0000000008002974                MemManage_Handler
 .text.BusFault_Handler
                0x0000000008002982        0xe ./STM32-Drivers/HMCAL/Interrupt/InterruptHandlers.o
                0x0000000008002982                BusFault_Handler
 .text.UsageFault_Handler
                0x0000000008002990        0xe ./STM32-Drivers/HMCAL/Interrupt/InterruptHandlers.o
                0x0000000008002990                UsageFault_Handler
 .text.SVC_Handler
                0x000000000800299e        0xe ./STM32-Drivers/HMCAL/Interrupt/InterruptHandlers.o
                0x000000000800299e                SVC_Handler
 .text.DebugMon_Handler
                0x00000000080029ac        0xe ./STM32-Drivers/HMCAL/Interrupt/InterruptHandlers.o
                0x00000000080029ac                DebugMon_Handler
 .text.PendSV_Handler
                0x00000000080029ba        0xe ./STM32-Drivers/HMCAL/Interrupt/InterruptHandlers.o
                0x00000000080029ba                PendSV_Handler
 .text.WWDG_IRQHandler
                0x00000000080029c8        0xe ./STM32-Drivers/HMCAL/Interrupt/InterruptHandlers.o
                0x00000000080029c8                WWDG_IRQHandler
 .text.PVD_IRQHandler
                0x00000000080029d6        0xe ./STM32-Drivers/HMCAL/Interrupt/InterruptHandlers.o
                0x00000000080029d6                PVD_IRQHandler
 .text.TAMP_STAMP_IRQHandler
                0x00000000080029e4        0xe ./STM32-Drivers/HMCAL/Interrupt/InterruptHandlers.o
                0x00000000080029e4                TAMP_STAMP_IRQHandler
 .text.RTC_WKUP_IRQHandler
                0x00000000080029f2        0xe ./STM32-Drivers/HMCAL/Interrupt/InterruptHandlers.o
                0x00000000080029f2                RTC_WKUP_IRQHandler
 .text.RCC_IRQHandler
                0x0000000008002a00        0xe ./STM32-Drivers/HMCAL/Interrupt/InterruptHandlers.o
                0x0000000008002a00                RCC_IRQHandler
 *fill*         0x0000000008002a0e        0x2 
 .text.EXTI0_IRQHandler
                0x0000000008002a10       0x70 ./STM32-Drivers/HMCAL/Interrupt/InterruptHandlers.o
                0x0000000008002a10                EXTI0_IRQHandler
 .text.EXTI1_IRQHandler
                0x0000000008002a80       0x70 ./STM32-Drivers/HMCAL/Interrupt/InterruptHandlers.o
                0x0000000008002a80                EXTI1_IRQHandler
 .text.EXTI2_IRQHandler
                0x0000000008002af0       0x70 ./STM32-Drivers/HMCAL/Interrupt/InterruptHandlers.o
                0x0000000008002af0                EXTI2_IRQHandler
 .text.EXTI3_IRQHandler
                0x0000000008002b60       0x70 ./STM32-Drivers/HMCAL/Interrupt/InterruptHandlers.o
                0x0000000008002b60                EXTI3_IRQHandler
 .text.EXTI4_IRQHandler
                0x0000000008002bd0       0x70 ./STM32-Drivers/HMCAL/Interrupt/InterruptHandlers.o
                0x0000000008002bd0                EXTI4_IRQHandler
 .text.DMA1_Stream0_IRQHandler
                0x0000000008002c40       0x58 ./STM32-Drivers/HMCAL/Interrupt/InterruptHandlers.o
                0x0000000008002c40                DMA1_Stream0_IRQHandler
 .text.DMA1_Stream1_IRQHandler
                0x0000000008002c98       0x5c ./STM32-Drivers/HMCAL/Interrupt/InterruptHandlers.o
                0x0000000008002c98                DMA1_Stream1_IRQHandler
 .text.DMA1_Stream2_IRQHandler
                0x0000000008002cf4       0x5c ./STM32-Drivers/HMCAL/Interrupt/InterruptHandlers.o
                0x0000000008002cf4                DMA1_Stream2_IRQHandler
 .text.DMA1_Stream3_IRQHandler
                0x0000000008002d50       0x5c ./STM32-Drivers/HMCAL/Interrupt/InterruptHandlers.o
                0x0000000008002d50                DMA1_Stream3_IRQHandler
 .text.DMA1_Stream4_IRQHandler
                0x0000000008002dac       0x5c ./STM32-Drivers/HMCAL/Interrupt/InterruptHandlers.o
                0x0000000008002dac                DMA1_Stream4_IRQHandler
 .text.DMA1_Stream5_IRQHandler
                0x0000000008002e08       0x5c ./STM32-Drivers/HMCAL/Interrupt/InterruptHandlers.o
                0x0000000008002e08                DMA1_Stream5_IRQHandler
 .text.DMA1_Stream6_IRQHandler
                0x0000000008002e64       0x5c ./STM32-Drivers/HMCAL/Interrupt/InterruptHandlers.o
                0x0000000008002e64                DMA1_Stream6_IRQHandler
 .text.ADC_IRQHandler
                0x0000000008002ec0        0xe ./STM32-Drivers/HMCAL/Interrupt/InterruptHandlers.o
                0x0000000008002ec0                ADC_IRQHandler
 .text.CAN1_TX_IRQHandler
                0x0000000008002ece        0xe ./STM32-Drivers/HMCAL/Interrupt/InterruptHandlers.o
                0x0000000008002ece                CAN1_TX_IRQHandler
 .text.CAN1_RX0_IRQHandler
                0x0000000008002edc        0xe ./STM32-Drivers/HMCAL/Interrupt/InterruptHandlers.o
                0x0000000008002edc                CAN1_RX0_IRQHandler
 .text.CAN1_RX1_IRQHandler
                0x0000000008002eea        0xe ./STM32-Drivers/HMCAL/Interrupt/InterruptHandlers.o
                0x0000000008002eea                CAN1_RX1_IRQHandler
 .text.CAN1_SCE_IRQHandler
                0x0000000008002ef8        0xe ./STM32-Drivers/HMCAL/Interrupt/InterruptHandlers.o
                0x0000000008002ef8                CAN1_SCE_IRQHandler
 *fill*         0x0000000008002f06        0x2 
 .text.EXTI9_5_IRQHandler
                0x0000000008002f08       0x84 ./STM32-Drivers/HMCAL/Interrupt/InterruptHandlers.o
                0x0000000008002f08                EXTI9_5_IRQHandler
 .text.TIM1_BRK_TIM9_IRQHandler
                0x0000000008002f8c        0xe ./STM32-Drivers/HMCAL/Interrupt/InterruptHandlers.o
                0x0000000008002f8c                TIM1_BRK_TIM9_IRQHandler
 .text.TIM1_UP_TIM10_IRQHandler
                0x0000000008002f9a        0xe ./STM32-Drivers/HMCAL/Interrupt/InterruptHandlers.o
                0x0000000008002f9a                TIM1_UP_TIM10_IRQHandler
 .text.TIM1_TRG_COM_TIM11_IRQHandler
                0x0000000008002fa8        0xe ./STM32-Drivers/HMCAL/Interrupt/InterruptHandlers.o
                0x0000000008002fa8                TIM1_TRG_COM_TIM11_IRQHandler
 .text.TIM1_CC_IRQHandler
                0x0000000008002fb6        0xe ./STM32-Drivers/HMCAL/Interrupt/InterruptHandlers.o
                0x0000000008002fb6                TIM1_CC_IRQHandler
 .text.TIM2_IRQHandler
                0x0000000008002fc4        0xe ./STM32-Drivers/HMCAL/Interrupt/InterruptHandlers.o
                0x0000000008002fc4                TIM2_IRQHandler
 .text.TIM3_IRQHandler
                0x0000000008002fd2        0xe ./STM32-Drivers/HMCAL/Interrupt/InterruptHandlers.o
                0x0000000008002fd2                TIM3_IRQHandler
 .text.TIM4_IRQHandler
                0x0000000008002fe0        0xe ./STM32-Drivers/HMCAL/Interrupt/InterruptHandlers.o
                0x0000000008002fe0                TIM4_IRQHandler
 .text.I2C1_EV_IRQHandler
                0x0000000008002fee        0xe ./STM32-Drivers/HMCAL/Interrupt/InterruptHandlers.o
                0x0000000008002fee                I2C1_EV_IRQHandler
 .text.I2C1_ER_IRQHandler
                0x0000000008002ffc        0xe ./STM32-Drivers/HMCAL/Interrupt/InterruptHandlers.o
                0x0000000008002ffc                I2C1_ER_IRQHandler
 .text.I2C2_EV_IRQHandler
                0x000000000800300a        0xe ./STM32-Drivers/HMCAL/Interrupt/InterruptHandlers.o
                0x000000000800300a                I2C2_EV_IRQHandler
 .text.I2C2_ER_IRQHandler
                0x0000000008003018        0xe ./STM32-Drivers/HMCAL/Interrupt/InterruptHandlers.o
                0x0000000008003018                I2C2_ER_IRQHandler
 .text.SPI1_IRQHandler
                0x0000000008003026        0xe ./STM32-Drivers/HMCAL/Interrupt/InterruptHandlers.o
                0x0000000008003026                SPI1_IRQHandler
 .text.SPI2_IRQHandler
                0x0000000008003034        0xe ./STM32-Drivers/HMCAL/Interrupt/InterruptHandlers.o
                0x0000000008003034                SPI2_IRQHandler
 *fill*         0x0000000008003042        0x2 
 .text.USART1_IRQHandler
                0x0000000008003044       0x4c ./STM32-Drivers/HMCAL/Interrupt/InterruptHandlers.o
                0x0000000008003044                USART1_IRQHandler
 .text.USART2_IRQHandler
                0x0000000008003090       0x50 ./STM32-Drivers/HMCAL/Interrupt/InterruptHandlers.o
                0x0000000008003090                USART2_IRQHandler
 .text.USART3_IRQHandler
                0x00000000080030e0       0x50 ./STM32-Drivers/HMCAL/Interrupt/InterruptHandlers.o
                0x00000000080030e0                USART3_IRQHandler
 .text.EXTI15_10_IRQHandler
                0x0000000008003130       0x7c ./STM32-Drivers/HMCAL/Interrupt/InterruptHandlers.o
                0x0000000008003130                EXTI15_10_IRQHandler
 .text.RTC_Alarm_IRQHandler
                0x00000000080031ac        0xe ./STM32-Drivers/HMCAL/Interrupt/InterruptHandlers.o
                0x00000000080031ac                RTC_Alarm_IRQHandler
 .text.OTG_FS_WKUP_IRQHandler
                0x00000000080031ba        0xe ./STM32-Drivers/HMCAL/Interrupt/InterruptHandlers.o
                0x00000000080031ba                OTG_FS_WKUP_IRQHandler
 .text.TIM8_BRK_TIM12_IRQHandler
                0x00000000080031c8        0xe ./STM32-Drivers/HMCAL/Interrupt/InterruptHandlers.o
                0x00000000080031c8                TIM8_BRK_TIM12_IRQHandler
 .text.TIM8_UP_TIM13_IRQHandler
                0x00000000080031d6        0xe ./STM32-Drivers/HMCAL/Interrupt/InterruptHandlers.o
                0x00000000080031d6                TIM8_UP_TIM13_IRQHandler
 .text.TIM8_TRG_COM_TIM14_IRQHandler
                0x00000000080031e4        0xe ./STM32-Drivers/HMCAL/Interrupt/InterruptHandlers.o
                0x00000000080031e4                TIM8_TRG_COM_TIM14_IRQHandler
 .text.TIM8_CC_IRQHandler
                0x00000000080031f2        0xe ./STM32-Drivers/HMCAL/Interrupt/InterruptHandlers.o
                0x00000000080031f2                TIM8_CC_IRQHandler
 .text.DMA1_Stream7_IRQHandler
                0x0000000008003200       0x5c ./STM32-Drivers/HMCAL/Interrupt/InterruptHandlers.o
                0x0000000008003200                DMA1_Stream7_IRQHandler
 .text.FSMC_IRQHandler
                0x000000000800325c        0xe ./STM32-Drivers/HMCAL/Interrupt/InterruptHandlers.o
                0x000000000800325c                FSMC_IRQHandler
 .text.SDIO_IRQHandler
                0x000000000800326a        0xe ./STM32-Drivers/HMCAL/Interrupt/InterruptHandlers.o
                0x000000000800326a                SDIO_IRQHandler
 .text.TIM5_IRQHandler
                0x0000000008003278        0xe ./STM32-Drivers/HMCAL/Interrupt/InterruptHandlers.o
                0x0000000008003278                TIM5_IRQHandler
 .text.SPI3_IRQHandler
                0x0000000008003286        0xe ./STM32-Drivers/HMCAL/Interrupt/InterruptHandlers.o
                0x0000000008003286                SPI3_IRQHandler
 .text.UART4_IRQHandler
                0x0000000008003294       0x50 ./STM32-Drivers/HMCAL/Interrupt/InterruptHandlers.o
                0x0000000008003294                UART4_IRQHandler
 .text.UART5_IRQHandler
                0x00000000080032e4       0x50 ./STM32-Drivers/HMCAL/Interrupt/InterruptHandlers.o
                0x00000000080032e4                UART5_IRQHandler
 .text.TIM6_DAC_IRQHandler
                0x0000000008003334        0xe ./STM32-Drivers/HMCAL/Interrupt/InterruptHandlers.o
                0x0000000008003334                TIM6_DAC_IRQHandler
 .text.TIM7_IRQHandler
                0x0000000008003342        0xe ./STM32-Drivers/HMCAL/Interrupt/InterruptHandlers.o
                0x0000000008003342                TIM7_IRQHandler
 .text.DMA2_Stream0_IRQHandler
                0x0000000008003350       0x5c ./STM32-Drivers/HMCAL/Interrupt/InterruptHandlers.o
                0x0000000008003350                DMA2_Stream0_IRQHandler
 .text.DMA2_Stream1_IRQHandler
                0x00000000080033ac       0x5c ./STM32-Drivers/HMCAL/Interrupt/InterruptHandlers.o
                0x00000000080033ac                DMA2_Stream1_IRQHandler
 .text.DMA2_Stream2_IRQHandler
                0x0000000008003408       0x5c ./STM32-Drivers/HMCAL/Interrupt/InterruptHandlers.o
                0x0000000008003408                DMA2_Stream2_IRQHandler
 .text.DMA2_Stream3_IRQHandler
                0x0000000008003464       0x5c ./STM32-Drivers/HMCAL/Interrupt/InterruptHandlers.o
                0x0000000008003464                DMA2_Stream3_IRQHandler
 .text.DMA2_Stream4_IRQHandler
                0x00000000080034c0       0x5c ./STM32-Drivers/HMCAL/Interrupt/InterruptHandlers.o
                0x00000000080034c0                DMA2_Stream4_IRQHandler
 .text.ETH_IRQHandler
                0x000000000800351c        0xe ./STM32-Drivers/HMCAL/Interrupt/InterruptHandlers.o
                0x000000000800351c                ETH_IRQHandler
 .text.ETH_WKUP_IRQHandler
                0x000000000800352a        0xe ./STM32-Drivers/HMCAL/Interrupt/InterruptHandlers.o
                0x000000000800352a                ETH_WKUP_IRQHandler
 .text.CAN2_TX_IRQHandler
                0x0000000008003538        0xe ./STM32-Drivers/HMCAL/Interrupt/InterruptHandlers.o
                0x0000000008003538                CAN2_TX_IRQHandler
 .text.CAN2_RX0_IRQHandler
                0x0000000008003546        0xe ./STM32-Drivers/HMCAL/Interrupt/InterruptHandlers.o
                0x0000000008003546                CAN2_RX0_IRQHandler
 .text.CAN2_RX1_IRQHandler
                0x0000000008003554        0xe ./STM32-Drivers/HMCAL/Interrupt/InterruptHandlers.o
                0x0000000008003554                CAN2_RX1_IRQHandler
 .text.CAN2_SCE_IRQHandler
                0x0000000008003562        0xe ./STM32-Drivers/HMCAL/Interrupt/InterruptHandlers.o
                0x0000000008003562                CAN2_SCE_IRQHandler
 .text.OTG_FS_IRQHandler
                0x0000000008003570        0xe ./STM32-Drivers/HMCAL/Interrupt/InterruptHandlers.o
                0x0000000008003570                OTG_FS_IRQHandler
 *fill*         0x000000000800357e        0x2 
 .text.DMA2_Stream5_IRQHandler
                0x0000000008003580       0x5c ./STM32-Drivers/HMCAL/Interrupt/InterruptHandlers.o
                0x0000000008003580                DMA2_Stream5_IRQHandler
 .text.DMA2_Stream6_IRQHandler
                0x00000000080035dc       0x5c ./STM32-Drivers/HMCAL/Interrupt/InterruptHandlers.o
                0x00000000080035dc                DMA2_Stream6_IRQHandler
 .text.DMA2_Stream7_IRQHandler
                0x0000000008003638       0x5c ./STM32-Drivers/HMCAL/Interrupt/InterruptHandlers.o
                0x0000000008003638                DMA2_Stream7_IRQHandler
 .text.USART6_IRQHandler
                0x0000000008003694       0x50 ./STM32-Drivers/HMCAL/Interrupt/InterruptHandlers.o
                0x0000000008003694                USART6_IRQHandler
 .text.I2C3_EV_IRQHandler
                0x00000000080036e4        0xe ./STM32-Drivers/HMCAL/Interrupt/InterruptHandlers.o
                0x00000000080036e4                I2C3_EV_IRQHandler
 .text.I2C3_ER_IRQHandler
                0x00000000080036f2        0xe ./STM32-Drivers/HMCAL/Interrupt/InterruptHandlers.o
                0x00000000080036f2                I2C3_ER_IRQHandler
 .text.OTG_HS_EP1_OUT_IRQHandler
                0x0000000008003700        0xe ./STM32-Drivers/HMCAL/Interrupt/InterruptHandlers.o
                0x0000000008003700                OTG_HS_EP1_OUT_IRQHandler
 .text.OTG_HS_EP1_IN_IRQHandler
                0x000000000800370e        0xe ./STM32-Drivers/HMCAL/Interrupt/InterruptHandlers.o
                0x000000000800370e                OTG_HS_EP1_IN_IRQHandler
 .text.OTG_HS_WKUP_IRQHandler
                0x000000000800371c        0xe ./STM32-Drivers/HMCAL/Interrupt/InterruptHandlers.o
                0x000000000800371c                OTG_HS_WKUP_IRQHandler
 .text.OTG_HS_IRQHandler
                0x000000000800372a        0xe ./STM32-Drivers/HMCAL/Interrupt/InterruptHandlers.o
                0x000000000800372a                OTG_HS_IRQHandler
 .text.DCMI_IRQHandler
                0x0000000008003738        0xe ./STM32-Drivers/HMCAL/Interrupt/InterruptHandlers.o
                0x0000000008003738                DCMI_IRQHandler
 .text.CRYP_IRQHandler
                0x0000000008003746        0xe ./STM32-Drivers/HMCAL/Interrupt/InterruptHandlers.o
                0x0000000008003746                CRYP_IRQHandler
 .text.HASH_RNG_IRQHandler
                0x0000000008003754        0xe ./STM32-Drivers/HMCAL/Interrupt/InterruptHandlers.o
                0x0000000008003754                HASH_RNG_IRQHandler
 .text.FPU_IRQHandler
                0x0000000008003762        0xe ./STM32-Drivers/HMCAL/Interrupt/InterruptHandlers.o
                0x0000000008003762                FPU_IRQHandler
 .text.LCD_TFT_IRQHandler
                0x0000000008003770        0xe ./STM32-Drivers/HMCAL/Interrupt/InterruptHandlers.o
                0x0000000008003770                LCD_TFT_IRQHandler
 .text.LCD_TFT_1_IRQHandler
                0x000000000800377e        0xe ./STM32-Drivers/HMCAL/Interrupt/InterruptHandlers.o
                0x000000000800377e                LCD_TFT_1_IRQHandler
 .text.RCC_InitClock_v
                0x000000000800378c       0xc8 ./STM32-Drivers/HMCAL/RCC/RCC.o
                0x000000000800378c                RCC_InitClock_v
 .text.RCC_EnableClock_v
                0x0000000008003854      0x114 ./STM32-Drivers/HMCAL/RCC/RCC.o
                0x0000000008003854                RCC_EnableClock_v
 .text.RCC_GetCortexSystemTimerFrequency_f32
                0x0000000008003968       0x20 ./STM32-Drivers/HMCAL/RCC/RCC.o
                0x0000000008003968                RCC_GetCortexSystemTimerFrequency_f32
 .text.RCC_GetAPB1PeripheralClockFrequency_f32
                0x0000000008003988       0x24 ./STM32-Drivers/HMCAL/RCC/RCC.o
                0x0000000008003988                RCC_GetAPB1PeripheralClockFrequency_f32
 .text.RCC_GetAPB2PeripheralClockFrequency_f32
                0x00000000080039ac       0x24 ./STM32-Drivers/HMCAL/RCC/RCC.o
                0x00000000080039ac                RCC_GetAPB2PeripheralClockFrequency_f32
 .text.RCC_GetPeripheralBus_u8
                0x00000000080039d0       0x9c ./STM32-Drivers/HMCAL/RCC/RCC.o
                0x00000000080039d0                RCC_GetPeripheralBus_u8
 .text.RCC_GetRCCGPIOBit_u8
                0x0000000008003a6c       0x34 ./STM32-Drivers/HMCAL/RCC/RCC.o
                0x0000000008003a6c                RCC_GetRCCGPIOBit_u8
 .text.RCC_GetRCCUSARTBit_u8
                0x0000000008003aa0       0x38 ./STM32-Drivers/HMCAL/RCC/RCC.o
                0x0000000008003aa0                RCC_GetRCCUSARTBit_u8
 .text.RCC_GetRCCCANBit_u8
                0x0000000008003ad8       0x28 ./STM32-Drivers/HMCAL/RCC/RCC.o
                0x0000000008003ad8                RCC_GetRCCCANBit_u8
 .text.RCC_GetRCCDMABit_u8
                0x0000000008003b00       0x28 ./STM32-Drivers/HMCAL/RCC/RCC.o
                0x0000000008003b00                RCC_GetRCCDMABit_u8
 .text.SYSCFG_GetActiveGPIO_u8
                0x0000000008003b28       0x44 ./STM32-Drivers/HMCAL/SYSCFG/SYSCFG.o
                0x0000000008003b28                SYSCFG_GetActiveGPIO_u8
 *fill*         0x0000000008003b6c        0x4 
 .text.USART_Config_v
                0x0000000008003b70      0x4f4 ./STM32-Drivers/HMCAL/USART/USART.o
                0x0000000008003b70                USART_Config_v
 .text.USART_EnableUSART_v
                0x0000000008004064       0x54 ./STM32-Drivers/HMCAL/USART/USART.o
                0x0000000008004064                USART_EnableUSART_v
 .text.USART_DisableUSART_v
                0x00000000080040b8       0x54 ./STM32-Drivers/HMCAL/USART/USART.o
                0x00000000080040b8                USART_DisableUSART_v
 .text.USART_SendU8Pooling_v
                0x000000000800410c       0x90 ./STM32-Drivers/HMCAL/USART/USART.o
                0x000000000800410c                USART_SendU8Pooling_v
 .text.USART_SendU8ArrayPooling_v
                0x000000000800419c       0x3e ./STM32-Drivers/HMCAL/USART/USART.o
                0x000000000800419c                USART_SendU8ArrayPooling_v
 *fill*         0x00000000080041da        0x2 
 .text.USART_GetAdressForDMA_u32
                0x00000000080041dc       0x28 ./STM32-Drivers/HMCAL/USART/USART.o
                0x00000000080041dc                USART_GetAdressForDMA_u32
 .text.USART_CheckInterruptAndClear_Bool
                0x0000000008004204      0x1a0 ./STM32-Drivers/HMCAL/USART/USART.o
                0x0000000008004204                USART_CheckInterruptAndClear_Bool
 .text.Utils_TimeoutChecker_Init
                0x00000000080043a4       0x4c ./STM32-Drivers/LIB/utils.o
                0x00000000080043a4                Utils_TimeoutChecker_Init
 .text.Utils_IsTimeoutOccurred_u8
                0x00000000080043f0       0x3c ./STM32-Drivers/LIB/utils.o
                0x00000000080043f0                Utils_IsTimeoutOccurred_u8
 .text.NVIC_EnableInterrupt_v
                0x000000000800442c       0x40 ./STM32-Drivers/LMCAL/NVIC/NVIC.o
                0x000000000800442c                NVIC_EnableInterrupt_v
 .text.SCB_EnableFPU_v
                0x000000000800446c       0x24 ./STM32-Drivers/LMCAL/SCB/SCB.o
                0x000000000800446c                SCB_EnableFPU_v
 .text.SysTick_Handler
                0x0000000008004490       0x1c ./STM32-Drivers/LMCAL/SYSTICK/SYSTICK.o
                0x0000000008004490                SysTick_Handler
 .text.SYSTICK_GetPreciseCurrentTicksInMilliSeconds_f32
                0x00000000080044ac       0x60 ./STM32-Drivers/LMCAL/SYSTICK/SYSTICK.o
                0x00000000080044ac                SYSTICK_GetPreciseCurrentTicksInMilliSeconds_f32
 .text.SYSTICK_GetCurrentTicks_u32
                0x000000000800450c       0x18 ./STM32-Drivers/LMCAL/SYSTICK/SYSTICK.o
                0x000000000800450c                SYSTICK_GetCurrentTicks_u32
 *fill*         0x0000000008004524        0x4 
 .text.SYSTICK_Init_v
                0x0000000008004528       0xc0 ./STM32-Drivers/LMCAL/SYSTICK/SYSTICK.o
                0x0000000008004528                SYSTICK_Init_v
 .text.SystemInit
                0x00000000080045e8       0x18 ./STM32_Drivers_Configurations/Driver_SystemInitialization.o
                0x00000000080045e8                SystemInit
 .text.SendCANFrame
                0x0000000008004600       0x80 ./Src/main.o
                0x0000000008004600                SendCANFrame
 .text.main     0x0000000008004680      0x198 ./Src/main.o
                0x0000000008004680                main
 .text.Reset_Handler
                0x0000000008004818       0x50 ./Startup/startup_stm32f407vgtx.o
                0x0000000008004818                Reset_Handler
 .text.__libc_init_array
                0x0000000008004868       0x48 /opt/st/stm32cubeide_1.12.1/plugins/com.st.stm32cube.ide.mcu.externaltools.gnu-tools-for-stm32.10.3-2021.10.linux64_1.0.200.202301161003/tools/bin/../lib/gcc/arm-none-eabi/10.3.1/../../../../arm-none-eabi/lib/thumb/v7e-m+fp/hard/libc_nano.a(lib_a-init.o)
                0x0000000008004868                __libc_init_array
 .text.memset   0x00000000080048b0       0x10 /opt/st/stm32cubeide_1.12.1/plugins/com.st.stm32cube.ide.mcu.externaltools.gnu-tools-for-stm32.10.3-2021.10.linux64_1.0.200.202301161003/tools/bin/../lib/gcc/arm-none-eabi/10.3.1/../../../../arm-none-eabi/lib/thumb/v7e-m+fp/hard/libc_nano.a(lib_a-memset.o)
                0x00000000080048b0                memset
 *(.glue_7)
 .glue_7        0x00000000080048c0        0x0 linker stubs
 *(.glue_7t)
 .glue_7t       0x00000000080048c0        0x0 linker stubs
 *(.eh_frame)
 .eh_frame      0x00000000080048c0        0x0 /opt/st/stm32cubeide_1.12.1/plugins/com.st.stm32cube.ide.mcu.externaltools.gnu-tools-for-stm32.10.3-2021.10.linux64_1.0.200.202301161003/tools/bin/../lib/gcc/arm-none-eabi/10.3.1/thumb/v7e-m+fp/hard/crtbegin.o
 *(.init)
 .init          0x00000000080048c0        0x4 /opt/st/stm32cubeide_1.12.1/plugins/com.st.stm32cube.ide.mcu.externaltools.gnu-tools-for-stm32.10.3-2021.10.linux64_1.0.200.202301161003/tools/bin/../lib/gcc/arm-none-eabi/10.3.1/thumb/v7e-m+fp/hard/crti.o
                0x00000000080048c0                _init
 .init          0x00000000080048c4        0x8 /opt/st/stm32cubeide_1.12.1/plugins/com.st.stm32cube.ide.mcu.externaltools.gnu-tools-for-stm32.10.3-2021.10.linux64_1.0.200.202301161003/tools/bin/../lib/gcc/arm-none-eabi/10.3.1/thumb/v7e-m+fp/hard/crtn.o
 *(.fini)
 .fini          0x00000000080048cc        0x4 /opt/st/stm32cubeide_1.12.1/plugins/com.st.stm32cube.ide.mcu.externaltools.gnu-tools-for-stm32.10.3-2021.10.linux64_1.0.200.202301161003/tools/bin/../lib/gcc/arm-none-eabi/10.3.1/thumb/v7e-m+fp/hard/crti.o
                0x00000000080048cc                _fini
 .fini          0x00000000080048d0        0x8 /opt/st/stm32cubeide_1.12.1/plugins/com.st.stm32cube.ide.mcu.externaltools.gnu-tools-for-stm32.10.3-2021.10.linux64_1.0.200.202301161003/tools/bin/../lib/gcc/arm-none-eabi/10.3.1/thumb/v7e-m+fp/hard/crtn.o
                0x00000000080048d8                . = ALIGN (0x4)
                0x00000000080048d8                _etext = .

.vfp11_veneer   0x00000000080048d8        0x0
 .vfp11_veneer  0x00000000080048d8        0x0 linker stubs

.v4_bx          0x00000000080048d8        0x0
 .v4_bx         0x00000000080048d8        0x0 linker stubs

.iplt           0x00000000080048d8        0x0
 .iplt          0x00000000080048d8        0x0 /opt/st/stm32cubeide_1.12.1/plugins/com.st.stm32cube.ide.mcu.externaltools.gnu-tools-for-stm32.10.3-2021.10.linux64_1.0.200.202301161003/tools/bin/../lib/gcc/arm-none-eabi/10.3.1/thumb/v7e-m+fp/hard/crtbegin.o

.rodata         0x00000000080048d8       0x8c
                0x00000000080048d8                . = ALIGN (0x4)
 *(.rodata)
 .rodata        0x00000000080048d8        0x8 ./STM32-Drivers/HMCAL/CAN/CAN.o
 .rodata        0x00000000080048e0       0x10 ./STM32-Drivers/HMCAL/DMA/DMA.o
 .rodata        0x00000000080048f0       0x27 ./STM32-Drivers/HMCAL/RCC/RCC.o
 *fill*         0x0000000008004917        0x1 
 .rodata        0x0000000008004918        0xe ./STM32-Drivers/HMCAL/USART/USART.o
 *(.rodata*)
 *fill*         0x0000000008004926        0x2 
 .rodata.GCS_CAN_InstanceIdMapping_u32
                0x0000000008004928        0x8 ./STM32-Drivers/HMCAL/CAN/CAN.o
 .rodata.GCS_DMA_InstanceIdMapping_u32
                0x0000000008004930        0x8 ./STM32-Drivers/HMCAL/DMA/DMA.o
 .rodata.GCS_GPIO_InstanceIdMapping_u32
                0x0000000008004938       0x2c ./STM32-Drivers/HMCAL/GPIO/GPIO.o
                0x0000000008004964                . = ALIGN (0x4)

.rel.dyn        0x0000000008004964        0x0
 .rel.iplt      0x0000000008004964        0x0 /opt/st/stm32cubeide_1.12.1/plugins/com.st.stm32cube.ide.mcu.externaltools.gnu-tools-for-stm32.10.3-2021.10.linux64_1.0.200.202301161003/tools/bin/../lib/gcc/arm-none-eabi/10.3.1/thumb/v7e-m+fp/hard/crtbegin.o

.ARM.extab      0x0000000008004964        0x0
                0x0000000008004964                . = ALIGN (0x4)
 *(.ARM.extab* .gnu.linkonce.armextab.*)
                0x0000000008004964                . = ALIGN (0x4)

.ARM            0x0000000008004964        0x0
                0x0000000008004964                . = ALIGN (0x4)
                0x0000000008004964                __exidx_start = .
 *(.ARM.exidx*)
                0x0000000008004964                __exidx_end = .
                0x0000000008004964                . = ALIGN (0x4)

.preinit_array  0x0000000008004964        0x0
                0x0000000008004964                . = ALIGN (0x4)
                0x0000000008004964                PROVIDE (__preinit_array_start = .)
 *(.preinit_array*)
                0x0000000008004964                PROVIDE (__preinit_array_end = .)
                0x0000000008004964                . = ALIGN (0x4)

.init_array     0x0000000008004964        0x4
                0x0000000008004964                . = ALIGN (0x4)
                0x0000000008004964                PROVIDE (__init_array_start = .)
 *(SORT_BY_NAME(.init_array.*))
 *(.init_array*)
 .init_array    0x0000000008004964        0x4 /opt/st/stm32cubeide_1.12.1/plugins/com.st.stm32cube.ide.mcu.externaltools.gnu-tools-for-stm32.10.3-2021.10.linux64_1.0.200.202301161003/tools/bin/../lib/gcc/arm-none-eabi/10.3.1/thumb/v7e-m+fp/hard/crtbegin.o
                0x0000000008004968                PROVIDE (__init_array_end = .)
                0x0000000008004968                . = ALIGN (0x4)

.fini_array     0x0000000008004968        0x4
                0x0000000008004968                . = ALIGN (0x4)
                [!provide]                        PROVIDE (__fini_array_start = .)
 *(SORT_BY_NAME(.fini_array.*))
 *(.fini_array*)
 .fini_array    0x0000000008004968        0x4 /opt/st/stm32cubeide_1.12.1/plugins/com.st.stm32cube.ide.mcu.externaltools.gnu-tools-for-stm32.10.3-2021.10.linux64_1.0.200.202301161003/tools/bin/../lib/gcc/arm-none-eabi/10.3.1/thumb/v7e-m+fp/hard/crtbegin.o
                [!provide]                        PROVIDE (__fini_array_end = .)
                0x000000000800496c                . = ALIGN (0x4)
                0x000000000800496c                _sidata = LOADADDR (.data)

.data           0x0000000020000000       0x18 load address 0x000000000800496c
                0x0000000020000000                . = ALIGN (0x4)
                0x0000000020000000                _sdata = .
 *(.data)
 *(.data*)
 .data.GCS_USART_InstanceIdMapping_u32
                0x0000000020000000       0x18 ./STM32-Drivers/HMCAL/USART/USART.o
 *(.RamFunc)
 *(.RamFunc*)
                0x0000000020000018                . = ALIGN (0x4)
                0x0000000020000018                _edata = .
                0x0000000008004984                _siccmram = LOADADDR (.ccmram)

.igot.plt       0x0000000020000018        0x0 load address 0x0000000008004984
 .igot.plt      0x0000000020000018        0x0 /opt/st/stm32cubeide_1.12.1/plugins/com.st.stm32cube.ide.mcu.externaltools.gnu-tools-for-stm32.10.3-2021.10.linux64_1.0.200.202301161003/tools/bin/../lib/gcc/arm-none-eabi/10.3.1/thumb/v7e-m+fp/hard/crtbegin.o

.ccmram         0x0000000010000000        0x0 load address 0x0000000008004984
                0x0000000010000000                . = ALIGN (0x4)
                0x0000000010000000                _sccmram = .
 *(.ccmram)
 *(.ccmram*)
                0x0000000010000000                . = ALIGN (0x4)
                0x0000000010000000                _eccmram = .
                0x0000000010000000                . = ALIGN (0x4)

.bss            0x0000000020000018      0x4f4
                0x0000000020000018                _sbss = .
                0x0000000020000018                __bss_start__ = _sbss
 *(.bss)
 .bss           0x0000000020000018       0x1c /opt/st/stm32cubeide_1.12.1/plugins/com.st.stm32cube.ide.mcu.externaltools.gnu-tools-for-stm32.10.3-2021.10.linux64_1.0.200.202301161003/tools/bin/../lib/gcc/arm-none-eabi/10.3.1/thumb/v7e-m+fp/hard/crtbegin.o
 *(.bss*)
 .bss.GS_EXTI_CallBacks_pF
                0x0000000020000034      0x200 ./STM32-Drivers/HMCAL/Interrupt/InterruptHandlers.o
 .bss.GS_DMA_CallBacks_pF
                0x0000000020000234      0x188 ./STM32-Drivers/HMCAL/Interrupt/InterruptHandlers.o
 .bss.GS_USART_CallBacks_pF
                0x00000000200003bc       0xf0 ./STM32-Drivers/HMCAL/Interrupt/InterruptHandlers.o
 .bss.StaticGlobal_Ticks_u32
                0x00000000200004ac        0x4 ./STM32-Drivers/LMCAL/SYSTICK/SYSTICK.o
 .bss.UITxSerialDataFrame
                0x00000000200004b0       0x10 ./Src/main.o
                0x00000000200004b0                UITxSerialDataFrame
 .bss.GS_TxData_u8
                0x00000000200004c0        0x8 ./Src/main.o
 .bss.GS_COM_CAN_Cfg
                0x00000000200004c8       0x10 ./Src/main.o
 .bss.GS_TransmitMessage_CAN_TxData
                0x00000000200004d8        0xc ./Src/main.o
 .bss.GS_ReceiveMessage_CAN_RxData
                0x00000000200004e4       0x10 ./Src/main.o
 .bss.GS_COM_USART_Cfg
                0x00000000200004f4       0x18 ./Src/main.o
 *(COMMON)
                0x000000002000050c                . = ALIGN (0x4)
                0x000000002000050c                _ebss = .
                0x000000002000050c                __bss_end__ = _ebss

._user_heap_stack
                0x000000002000050c      0x604
                0x0000000020000510                . = ALIGN (0x8)
 *fill*         0x000000002000050c        0x4 
                [!provide]                        PROVIDE (end = .)
                0x0000000020000510                PROVIDE (_end = .)
                0x0000000020000710                . = (. + _Min_Heap_Size)
 *fill*         0x0000000020000510      0x200 
                0x0000000020000b10                . = (. + _Min_Stack_Size)
 *fill*         0x0000000020000710      0x400 
                0x0000000020000b10                . = ALIGN (0x8)

/DISCARD/
 libc.a(*)
 libm.a(*)
 libgcc.a(*)

.ARM.attributes
                0x0000000000000000       0x30
 *(.ARM.attributes)
 .ARM.attributes
                0x0000000000000000       0x1e /opt/st/stm32cubeide_1.12.1/plugins/com.st.stm32cube.ide.mcu.externaltools.gnu-tools-for-stm32.10.3-2021.10.linux64_1.0.200.202301161003/tools/bin/../lib/gcc/arm-none-eabi/10.3.1/thumb/v7e-m+fp/hard/crti.o
 .ARM.attributes
                0x000000000000001e       0x34 /opt/st/stm32cubeide_1.12.1/plugins/com.st.stm32cube.ide.mcu.externaltools.gnu-tools-for-stm32.10.3-2021.10.linux64_1.0.200.202301161003/tools/bin/../lib/gcc/arm-none-eabi/10.3.1/thumb/v7e-m+fp/hard/crtbegin.o
 .ARM.attributes
                0x0000000000000052       0x34 ./STM32-Drivers/HMCAL/CAN/CAN.o
 .ARM.attributes
                0x0000000000000086       0x34 ./STM32-Drivers/HMCAL/DMA/DMA.o
 .ARM.attributes
                0x00000000000000ba       0x34 ./STM32-Drivers/HMCAL/EXTI/EXTI.o
 .ARM.attributes
                0x00000000000000ee       0x34 ./STM32-Drivers/HMCAL/GPIO/GPIO.o
 .ARM.attributes
                0x0000000000000122       0x34 ./STM32-Drivers/HMCAL/Interrupt/InterruptHandlers.o
 .ARM.attributes
                0x0000000000000156       0x34 ./STM32-Drivers/HMCAL/RCC/RCC.o
 .ARM.attributes
                0x000000000000018a       0x34 ./STM32-Drivers/HMCAL/SYSCFG/SYSCFG.o
 .ARM.attributes
                0x00000000000001be       0x34 ./STM32-Drivers/HMCAL/USART/USART.o
 .ARM.attributes
                0x00000000000001f2       0x34 ./STM32-Drivers/LIB/utils.o
 .ARM.attributes
                0x0000000000000226       0x34 ./STM32-Drivers/LMCAL/NVIC/NVIC.o
 .ARM.attributes
                0x000000000000025a       0x34 ./STM32-Drivers/LMCAL/SCB/SCB.o
 .ARM.attributes
                0x000000000000028e       0x34 ./STM32-Drivers/LMCAL/SYSTICK/SYSTICK.o
 .ARM.attributes
                0x00000000000002c2       0x34 ./STM32_Drivers_Configurations/Driver_SystemInitialization.o
 .ARM.attributes
                0x00000000000002f6       0x34 ./Src/main.o
 .ARM.attributes
                0x000000000000032a       0x21 ./Startup/startup_stm32f407vgtx.o
 .ARM.attributes
                0x000000000000034b       0x34 /opt/st/stm32cubeide_1.12.1/plugins/com.st.stm32cube.ide.mcu.externaltools.gnu-tools-for-stm32.10.3-2021.10.linux64_1.0.200.202301161003/tools/bin/../lib/gcc/arm-none-eabi/10.3.1/../../../../arm-none-eabi/lib/thumb/v7e-m+fp/hard/libc_nano.a(lib_a-init.o)
 .ARM.attributes
                0x000000000000037f       0x34 /opt/st/stm32cubeide_1.12.1/plugins/com.st.stm32cube.ide.mcu.externaltools.gnu-tools-for-stm32.10.3-2021.10.linux64_1.0.200.202301161003/tools/bin/../lib/gcc/arm-none-eabi/10.3.1/../../../../arm-none-eabi/lib/thumb/v7e-m+fp/hard/libc_nano.a(lib_a-memset.o)
 .ARM.attributes
                0x00000000000003b3       0x1e /opt/st/stm32cubeide_1.12.1/plugins/com.st.stm32cube.ide.mcu.externaltools.gnu-tools-for-stm32.10.3-2021.10.linux64_1.0.200.202301161003/tools/bin/../lib/gcc/arm-none-eabi/10.3.1/thumb/v7e-m+fp/hard/libgcc.a(_arm_addsubdf3.o)
 .ARM.attributes
                0x00000000000003d1       0x1e /opt/st/stm32cubeide_1.12.1/plugins/com.st.stm32cube.ide.mcu.externaltools.gnu-tools-for-stm32.10.3-2021.10.linux64_1.0.200.202301161003/tools/bin/../lib/gcc/arm-none-eabi/10.3.1/thumb/v7e-m+fp/hard/libgcc.a(_arm_muldivdf3.o)
 .ARM.attributes
                0x00000000000003ef       0x1e /opt/st/stm32cubeide_1.12.1/plugins/com.st.stm32cube.ide.mcu.externaltools.gnu-tools-for-stm32.10.3-2021.10.linux64_1.0.200.202301161003/tools/bin/../lib/gcc/arm-none-eabi/10.3.1/thumb/v7e-m+fp/hard/libgcc.a(_arm_cmpdf2.o)
 .ARM.attributes
                0x000000000000040d       0x1e /opt/st/stm32cubeide_1.12.1/plugins/com.st.stm32cube.ide.mcu.externaltools.gnu-tools-for-stm32.10.3-2021.10.linux64_1.0.200.202301161003/tools/bin/../lib/gcc/arm-none-eabi/10.3.1/thumb/v7e-m+fp/hard/libgcc.a(_arm_fixunsdfsi.o)
 .ARM.attributes
                0x000000000000042b       0x1e /opt/st/stm32cubeide_1.12.1/plugins/com.st.stm32cube.ide.mcu.externaltools.gnu-tools-for-stm32.10.3-2021.10.linux64_1.0.200.202301161003/tools/bin/../lib/gcc/arm-none-eabi/10.3.1/thumb/v7e-m+fp/hard/crtn.o
OUTPUT(USART_To_CAN_Board.elf elf32-littlearm)
LOAD linker stubs
LOAD /opt/st/stm32cubeide_1.12.1/plugins/com.st.stm32cube.ide.mcu.externaltools.gnu-tools-for-stm32.10.3-2021.10.linux64_1.0.200.202301161003/tools/bin/../lib/gcc/arm-none-eabi/10.3.1/../../../../arm-none-eabi/lib/thumb/v7e-m+fp/hard/libc.a
LOAD /opt/st/stm32cubeide_1.12.1/plugins/com.st.stm32cube.ide.mcu.externaltools.gnu-tools-for-stm32.10.3-2021.10.linux64_1.0.200.202301161003/tools/bin/../lib/gcc/arm-none-eabi/10.3.1/../../../../arm-none-eabi/lib/thumb/v7e-m+fp/hard/libm.a
LOAD /opt/st/stm32cubeide_1.12.1/plugins/com.st.stm32cube.ide.mcu.externaltools.gnu-tools-for-stm32.10.3-2021.10.linux64_1.0.200.202301161003/tools/bin/../lib/gcc/arm-none-eabi/10.3.1/thumb/v7e-m+fp/hard/libgcc.a

.debug_info     0x0000000000000000     0x54d3
 .debug_info    0x0000000000000000      0xc9a ./STM32-Drivers/HMCAL/CAN/CAN.o
 .debug_info    0x0000000000000c9a      0x5fe ./STM32-Drivers/HMCAL/DMA/DMA.o
 .debug_info    0x0000000000001298      0x329 ./STM32-Drivers/HMCAL/EXTI/EXTI.o
 .debug_info    0x00000000000015c1      0x53d ./STM32-Drivers/HMCAL/GPIO/GPIO.o
 .debug_info    0x0000000000001afe      0xe44 ./STM32-Drivers/HMCAL/Interrupt/InterruptHandlers.o
 .debug_info    0x0000000000002942      0x7c7 ./STM32-Drivers/HMCAL/RCC/RCC.o
 .debug_info    0x0000000000003109      0x1d5 ./STM32-Drivers/HMCAL/SYSCFG/SYSCFG.o
 .debug_info    0x00000000000032de      0xf5a ./STM32-Drivers/HMCAL/USART/USART.o
 .debug_info    0x0000000000004238      0x162 ./STM32-Drivers/LIB/utils.o
 .debug_info    0x000000000000439a      0x2fc ./STM32-Drivers/LMCAL/NVIC/NVIC.o
 .debug_info    0x0000000000004696      0x263 ./STM32-Drivers/LMCAL/SCB/SCB.o
 .debug_info    0x00000000000048f9      0x14d ./STM32-Drivers/LMCAL/SYSTICK/SYSTICK.o
 .debug_info    0x0000000000004a46       0xda ./STM32_Drivers_Configurations/Driver_SystemInitialization.o
 .debug_info    0x0000000000004b20      0x991 ./Src/main.o
 .debug_info    0x00000000000054b1       0x22 ./Startup/startup_stm32f407vgtx.o

.debug_abbrev   0x0000000000000000     0x1583
 .debug_abbrev  0x0000000000000000      0x2b4 ./STM32-Drivers/HMCAL/CAN/CAN.o
 .debug_abbrev  0x00000000000002b4      0x1ee ./STM32-Drivers/HMCAL/DMA/DMA.o
 .debug_abbrev  0x00000000000004a2      0x16b ./STM32-Drivers/HMCAL/EXTI/EXTI.o
 .debug_abbrev  0x000000000000060d      0x1ea ./STM32-Drivers/HMCAL/GPIO/GPIO.o
 .debug_abbrev  0x00000000000007f7      0x1b8 ./STM32-Drivers/HMCAL/Interrupt/InterruptHandlers.o
 .debug_abbrev  0x00000000000009af      0x16e ./STM32-Drivers/HMCAL/RCC/RCC.o
 .debug_abbrev  0x0000000000000b1d      0x11e ./STM32-Drivers/HMCAL/SYSCFG/SYSCFG.o
 .debug_abbrev  0x0000000000000c3b      0x258 ./STM32-Drivers/HMCAL/USART/USART.o
 .debug_abbrev  0x0000000000000e93      0x112 ./STM32-Drivers/LIB/utils.o
 .debug_abbrev  0x0000000000000fa5      0x109 ./STM32-Drivers/LMCAL/NVIC/NVIC.o
 .debug_abbrev  0x00000000000010ae      0x101 ./STM32-Drivers/LMCAL/SCB/SCB.o
 .debug_abbrev  0x00000000000011af      0x105 ./STM32-Drivers/LMCAL/SYSTICK/SYSTICK.o
 .debug_abbrev  0x00000000000012b4       0x88 ./STM32_Drivers_Configurations/Driver_SystemInitialization.o
 .debug_abbrev  0x000000000000133c      0x235 ./Src/main.o
 .debug_abbrev  0x0000000000001571       0x12 ./Startup/startup_stm32f407vgtx.o

.debug_aranges  0x0000000000000000      0x7a0
 .debug_aranges
                0x0000000000000000       0x50 ./STM32-Drivers/HMCAL/CAN/CAN.o
 .debug_aranges
                0x0000000000000050       0x58 ./STM32-Drivers/HMCAL/DMA/DMA.o
 .debug_aranges
                0x00000000000000a8       0x30 ./STM32-Drivers/HMCAL/EXTI/EXTI.o
 .debug_aranges
                0x00000000000000d8       0x60 ./STM32-Drivers/HMCAL/GPIO/GPIO.o
 .debug_aranges
                0x0000000000000138      0x310 ./STM32-Drivers/HMCAL/Interrupt/InterruptHandlers.o
 .debug_aranges
                0x0000000000000448       0xd8 ./STM32-Drivers/HMCAL/RCC/RCC.o
 .debug_aranges
                0x0000000000000520       0x28 ./STM32-Drivers/HMCAL/SYSCFG/SYSCFG.o
 .debug_aranges
                0x0000000000000548       0xd0 ./STM32-Drivers/HMCAL/USART/USART.o
 .debug_aranges
                0x0000000000000618       0x30 ./STM32-Drivers/LIB/utils.o
 .debug_aranges
                0x0000000000000648       0x58 ./STM32-Drivers/LMCAL/NVIC/NVIC.o
 .debug_aranges
                0x00000000000006a0       0x58 ./STM32-Drivers/LMCAL/SCB/SCB.o
 .debug_aranges
                0x00000000000006f8       0x38 ./STM32-Drivers/LMCAL/SYSTICK/SYSTICK.o
 .debug_aranges
                0x0000000000000730       0x20 ./STM32_Drivers_Configurations/Driver_SystemInitialization.o
 .debug_aranges
                0x0000000000000750       0x28 ./Src/main.o
 .debug_aranges
                0x0000000000000778       0x28 ./Startup/startup_stm32f407vgtx.o

.debug_ranges   0x0000000000000000      0x6d0
 .debug_ranges  0x0000000000000000       0x58 ./STM32-Drivers/HMCAL/CAN/CAN.o
 .debug_ranges  0x0000000000000058       0x48 ./STM32-Drivers/HMCAL/DMA/DMA.o
 .debug_ranges  0x00000000000000a0       0x20 ./STM32-Drivers/HMCAL/EXTI/EXTI.o
 .debug_ranges  0x00000000000000c0       0x50 ./STM32-Drivers/HMCAL/GPIO/GPIO.o
 .debug_ranges  0x0000000000000110      0x300 ./STM32-Drivers/HMCAL/Interrupt/InterruptHandlers.o
 .debug_ranges  0x0000000000000410       0xc8 ./STM32-Drivers/HMCAL/RCC/RCC.o
 .debug_ranges  0x00000000000004d8       0x18 ./STM32-Drivers/HMCAL/SYSCFG/SYSCFG.o
 .debug_ranges  0x00000000000004f0       0xc0 ./STM32-Drivers/HMCAL/USART/USART.o
 .debug_ranges  0x00000000000005b0       0x20 ./STM32-Drivers/LIB/utils.o
 .debug_ranges  0x00000000000005d0       0x48 ./STM32-Drivers/LMCAL/NVIC/NVIC.o
 .debug_ranges  0x0000000000000618       0x48 ./STM32-Drivers/LMCAL/SCB/SCB.o
 .debug_ranges  0x0000000000000660       0x28 ./STM32-Drivers/LMCAL/SYSTICK/SYSTICK.o
 .debug_ranges  0x0000000000000688       0x10 ./STM32_Drivers_Configurations/Driver_SystemInitialization.o
 .debug_ranges  0x0000000000000698       0x18 ./Src/main.o
 .debug_ranges  0x00000000000006b0       0x20 ./Startup/startup_stm32f407vgtx.o

.debug_macro    0x0000000000000000     0x4c77
 .debug_macro   0x0000000000000000       0xbc ./STM32-Drivers/HMCAL/CAN/CAN.o
 .debug_macro   0x00000000000000bc       0xee ./STM32-Drivers/HMCAL/CAN/CAN.o
 .debug_macro   0x00000000000001aa       0x6d ./STM32-Drivers/HMCAL/CAN/CAN.o
 .debug_macro   0x0000000000000217     0x210f ./STM32-Drivers/HMCAL/CAN/CAN.o
 .debug_macro   0x0000000000002326       0x7f ./STM32-Drivers/HMCAL/DMA/DMA.o
 .debug_macro   0x00000000000023a5      0x434 ./STM32-Drivers/HMCAL/DMA/DMA.o
 .debug_macro   0x00000000000027d9      0x2c0 ./STM32-Drivers/HMCAL/DMA/DMA.o
 .debug_macro   0x0000000000002a99       0x52 ./STM32-Drivers/HMCAL/DMA/DMA.o
 .debug_macro   0x0000000000002aeb      0x102 ./STM32-Drivers/HMCAL/EXTI/EXTI.o
 .debug_macro   0x0000000000002bed      0x19c ./STM32-Drivers/HMCAL/EXTI/EXTI.o
 .debug_macro   0x0000000000002d89       0x3a ./STM32-Drivers/HMCAL/EXTI/EXTI.o
 .debug_macro   0x0000000000002dc3      0x367 ./STM32-Drivers/HMCAL/EXTI/EXTI.o
 .debug_macro   0x000000000000312a       0x22 ./STM32-Drivers/HMCAL/EXTI/EXTI.o
 .debug_macro   0x000000000000314c       0x34 ./STM32-Drivers/HMCAL/EXTI/EXTI.o
 .debug_macro   0x0000000000003180       0x3a ./STM32-Drivers/HMCAL/EXTI/EXTI.o
 .debug_macro   0x00000000000031ba       0x5a ./STM32-Drivers/HMCAL/GPIO/GPIO.o
 .debug_macro   0x0000000000003214      0x14a ./STM32-Drivers/HMCAL/GPIO/GPIO.o
 .debug_macro   0x000000000000335e       0x88 ./STM32-Drivers/HMCAL/GPIO/GPIO.o
 .debug_macro   0x00000000000033e6      0x10b ./STM32-Drivers/HMCAL/Interrupt/InterruptHandlers.o
 .debug_macro   0x00000000000034f1      0x43a ./STM32-Drivers/HMCAL/Interrupt/InterruptHandlers.o
 .debug_macro   0x000000000000392b       0xc8 ./STM32-Drivers/HMCAL/RCC/RCC.o
 .debug_macro   0x00000000000039f3      0x86c ./STM32-Drivers/HMCAL/RCC/RCC.o
 .debug_macro   0x000000000000425f       0x52 ./STM32-Drivers/HMCAL/RCC/RCC.o
 .debug_macro   0x00000000000042b1      0x16d ./STM32-Drivers/HMCAL/RCC/RCC.o
 .debug_macro   0x000000000000441e      0x1c8 ./STM32-Drivers/HMCAL/RCC/RCC.o
 .debug_macro   0x00000000000045e6       0xd8 ./STM32-Drivers/HMCAL/SYSCFG/SYSCFG.o
 .debug_macro   0x00000000000046be       0xbc ./STM32-Drivers/HMCAL/USART/USART.o
 .debug_macro   0x000000000000477a       0x58 ./STM32-Drivers/HMCAL/USART/USART.o
 .debug_macro   0x00000000000047d2       0x8d ./STM32-Drivers/LIB/utils.o
 .debug_macro   0x000000000000485f       0x22 ./STM32-Drivers/LIB/utils.o
 .debug_macro   0x0000000000004881       0x10 ./STM32-Drivers/LIB/utils.o
 .debug_macro   0x0000000000004891       0x53 ./STM32-Drivers/LMCAL/NVIC/NVIC.o
 .debug_macro   0x00000000000048e4       0x55 ./STM32-Drivers/LMCAL/SCB/SCB.o
 .debug_macro   0x0000000000004939       0x61 ./STM32-Drivers/LMCAL/SYSTICK/SYSTICK.o
 .debug_macro   0x000000000000499a       0xff ./STM32_Drivers_Configurations/Driver_SystemInitialization.o
 .debug_macro   0x0000000000004a99      0x128 ./Src/main.o
 .debug_macro   0x0000000000004bc1       0x40 ./Src/main.o
 .debug_macro   0x0000000000004c01       0x76 ./Src/main.o

.debug_line     0x0000000000000000     0x5a33
 .debug_line    0x0000000000000000      0xa22 ./STM32-Drivers/HMCAL/CAN/CAN.o
 .debug_line    0x0000000000000a22      0x51e ./STM32-Drivers/HMCAL/DMA/DMA.o
 .debug_line    0x0000000000000f40      0x604 ./STM32-Drivers/HMCAL/EXTI/EXTI.o
 .debug_line    0x0000000000001544      0x5cd ./STM32-Drivers/HMCAL/GPIO/GPIO.o
 .debug_line    0x0000000000001b11     0x1283 ./STM32-Drivers/HMCAL/Interrupt/InterruptHandlers.o
 .debug_line    0x0000000000002d94      0x5b8 ./STM32-Drivers/HMCAL/RCC/RCC.o
 .debug_line    0x000000000000334c      0x4a9 ./STM32-Drivers/HMCAL/SYSCFG/SYSCFG.o
 .debug_line    0x00000000000037f5      0xb25 ./STM32-Drivers/HMCAL/USART/USART.o
 .debug_line    0x000000000000431a      0x32c ./STM32-Drivers/LIB/utils.o
 .debug_line    0x0000000000004646      0x201 ./STM32-Drivers/LMCAL/NVIC/NVIC.o
 .debug_line    0x0000000000004847      0x241 ./STM32-Drivers/LMCAL/SCB/SCB.o
 .debug_line    0x0000000000004a88      0x273 ./STM32-Drivers/LMCAL/SYSTICK/SYSTICK.o
 .debug_line    0x0000000000004cfb      0x574 ./STM32_Drivers_Configurations/Driver_SystemInitialization.o
 .debug_line    0x000000000000526f      0x740 ./Src/main.o
 .debug_line    0x00000000000059af       0x84 ./Startup/startup_stm32f407vgtx.o

.debug_str      0x0000000000000000    0x15987
 .debug_str     0x0000000000000000     0x9ea7 ./STM32-Drivers/HMCAL/CAN/CAN.o
                                       0x9fdb (size before relaxing)
 .debug_str     0x0000000000009ea7     0x2031 ./STM32-Drivers/HMCAL/DMA/DMA.o
                                       0x5af1 (size before relaxing)
 .debug_str     0x000000000000bed8     0x3f91 ./STM32-Drivers/HMCAL/EXTI/EXTI.o
                                       0x7f34 (size before relaxing)
 .debug_str     0x000000000000fe69      0x48b ./STM32-Drivers/HMCAL/GPIO/GPIO.o
                                       0x3cec (size before relaxing)
 .debug_str     0x00000000000102f4      0xd5e ./STM32-Drivers/HMCAL/Interrupt/InterruptHandlers.o
                                       0x8dc8 (size before relaxing)
 .debug_str     0x0000000000011052     0x37e1 ./STM32-Drivers/HMCAL/RCC/RCC.o
                                       0x6c3e (size before relaxing)
 .debug_str     0x0000000000014833       0x84 ./STM32-Drivers/HMCAL/SYSCFG/SYSCFG.o
                                       0x6f92 (size before relaxing)
 .debug_str     0x00000000000148b7      0x6fd ./STM32-Drivers/HMCAL/USART/USART.o
                                       0x5655 (size before relaxing)
 .debug_str     0x0000000000014fb4      0x124 ./STM32-Drivers/LIB/utils.o
                                       0x3880 (size before relaxing)
 .debug_str     0x00000000000150d8      0x15c ./STM32-Drivers/LMCAL/NVIC/NVIC.o
                                       0x3845 (size before relaxing)
 .debug_str     0x0000000000015234      0x1ab ./STM32-Drivers/LMCAL/SCB/SCB.o
                                       0x33c1 (size before relaxing)
 .debug_str     0x00000000000153df       0xa2 ./STM32-Drivers/LMCAL/SYSTICK/SYSTICK.o
                                       0x36d8 (size before relaxing)
 .debug_str     0x0000000000015481       0x49 ./STM32_Drivers_Configurations/Driver_SystemInitialization.o
                                       0x6edf (size before relaxing)
 .debug_str     0x00000000000154ca      0x48c ./Src/main.o
                                       0x9408 (size before relaxing)
 .debug_str     0x0000000000015956       0x31 ./Startup/startup_stm32f407vgtx.o
                                         0x7d (size before relaxing)

.comment        0x0000000000000000       0x50
 .comment       0x0000000000000000       0x50 ./STM32-Drivers/HMCAL/CAN/CAN.o
                                         0x51 (size before relaxing)
 .comment       0x0000000000000050       0x51 ./STM32-Drivers/HMCAL/DMA/DMA.o
 .comment       0x0000000000000050       0x51 ./STM32-Drivers/HMCAL/EXTI/EXTI.o
 .comment       0x0000000000000050       0x51 ./STM32-Drivers/HMCAL/GPIO/GPIO.o
 .comment       0x0000000000000050       0x51 ./STM32-Drivers/HMCAL/Interrupt/InterruptHandlers.o
 .comment       0x0000000000000050       0x51 ./STM32-Drivers/HMCAL/RCC/RCC.o
 .comment       0x0000000000000050       0x51 ./STM32-Drivers/HMCAL/SYSCFG/SYSCFG.o
 .comment       0x0000000000000050       0x51 ./STM32-Drivers/HMCAL/USART/USART.o
 .comment       0x0000000000000050       0x51 ./STM32-Drivers/LIB/utils.o
 .comment       0x0000000000000050       0x51 ./STM32-Drivers/LMCAL/NVIC/NVIC.o
 .comment       0x0000000000000050       0x51 ./STM32-Drivers/LMCAL/SCB/SCB.o
 .comment       0x0000000000000050       0x51 ./STM32-Drivers/LMCAL/SYSTICK/SYSTICK.o
 .comment       0x0000000000000050       0x51 ./STM32_Drivers_Configurations/Driver_SystemInitialization.o
 .comment       0x0000000000000050       0x51 ./Src/main.o

.debug_frame    0x0000000000000000     0x1e8c
 .debug_frame   0x0000000000000000      0x128 ./STM32-Drivers/HMCAL/CAN/CAN.o
 .debug_frame   0x0000000000000128      0x14c ./STM32-Drivers/HMCAL/DMA/DMA.o
 .debug_frame   0x0000000000000274       0x88 ./STM32-Drivers/HMCAL/EXTI/EXTI.o
 .debug_frame   0x00000000000002fc      0x174 ./STM32-Drivers/HMCAL/GPIO/GPIO.o
 .debug_frame   0x0000000000000470      0xc88 ./STM32-Drivers/HMCAL/Interrupt/InterruptHandlers.o
 .debug_frame   0x00000000000010f8      0x388 ./STM32-Drivers/HMCAL/RCC/RCC.o
 .debug_frame   0x0000000000001480       0x5c ./STM32-Drivers/HMCAL/SYSCFG/SYSCFG.o
 .debug_frame   0x00000000000014dc      0x38c ./STM32-Drivers/HMCAL/USART/USART.o
 .debug_frame   0x0000000000001868       0x78 ./STM32-Drivers/LIB/utils.o
 .debug_frame   0x00000000000018e0      0x150 ./STM32-Drivers/LMCAL/NVIC/NVIC.o
 .debug_frame   0x0000000000001a30      0x110 ./STM32-Drivers/LMCAL/SCB/SCB.o
 .debug_frame   0x0000000000001b40       0x9c ./STM32-Drivers/LMCAL/SYSTICK/SYSTICK.o
 .debug_frame   0x0000000000001bdc       0x2c ./STM32_Drivers_Configurations/Driver_SystemInitialization.o
 .debug_frame   0x0000000000001c08       0x54 ./Src/main.o
 .debug_frame   0x0000000000001c5c       0x2c /opt/st/stm32cubeide_1.12.1/plugins/com.st.stm32cube.ide.mcu.externaltools.gnu-tools-for-stm32.10.3-2021.10.linux64_1.0.200.202301161003/tools/bin/../lib/gcc/arm-none-eabi/10.3.1/../../../../arm-none-eabi/lib/thumb/v7e-m+fp/hard/libc_nano.a(lib_a-init.o)
 .debug_frame   0x0000000000001c88       0x20 /opt/st/stm32cubeide_1.12.1/plugins/com.st.stm32cube.ide.mcu.externaltools.gnu-tools-for-stm32.10.3-2021.10.linux64_1.0.200.202301161003/tools/bin/../lib/gcc/arm-none-eabi/10.3.1/../../../../arm-none-eabi/lib/thumb/v7e-m+fp/hard/libc_nano.a(lib_a-memset.o)
 .debug_frame   0x0000000000001ca8       0xac /opt/st/stm32cubeide_1.12.1/plugins/com.st.stm32cube.ide.mcu.externaltools.gnu-tools-for-stm32.10.3-2021.10.linux64_1.0.200.202301161003/tools/bin/../lib/gcc/arm-none-eabi/10.3.1/thumb/v7e-m+fp/hard/libgcc.a(_arm_addsubdf3.o)
 .debug_frame   0x0000000000001d54       0x50 /opt/st/stm32cubeide_1.12.1/plugins/com.st.stm32cube.ide.mcu.externaltools.gnu-tools-for-stm32.10.3-2021.10.linux64_1.0.200.202301161003/tools/bin/../lib/gcc/arm-none-eabi/10.3.1/thumb/v7e-m+fp/hard/libgcc.a(_arm_muldivdf3.o)
 .debug_frame   0x0000000000001da4       0xc4 /opt/st/stm32cubeide_1.12.1/plugins/com.st.stm32cube.ide.mcu.externaltools.gnu-tools-for-stm32.10.3-2021.10.linux64_1.0.200.202301161003/tools/bin/../lib/gcc/arm-none-eabi/10.3.1/thumb/v7e-m+fp/hard/libgcc.a(_arm_cmpdf2.o)
 .debug_frame   0x0000000000001e68       0x24 /opt/st/stm32cubeide_1.12.1/plugins/com.st.stm32cube.ide.mcu.externaltools.gnu-tools-for-stm32.10.3-2021.10.linux64_1.0.200.202301161003/tools/bin/../lib/gcc/arm-none-eabi/10.3.1/thumb/v7e-m+fp/hard/libgcc.a(_arm_fixunsdfsi.o)
