../STM32-Custom-Bootloader/src/CustomBootloader.c:65:12:BL_Exec_No_Cmd	4	static
../STM32-Custom-Bootloader/src/CustomBootloader.c:70:12:BL_Exec_Connect_To_BL	4	static
../STM32-Custom-Bootloader/src/CustomBootloader.c:75:12:BL_Exec_Update_Flag	8	static
../STM32-Custom-Bootloader/src/CustomBootloader.c:81:12:BL_Exec_Connect_To_App	4	static
../STM32-Custom-Bootloader/src/CustomBootloader.c:86:12:BL_Exec_Update_Version	16	static
../STM32-Custom-Bootloader/src/CustomBootloader.c:92:12:BL_Exec_SET_VALID_IMAGE	8	static
../STM32-Custom-Bootloader/src/CustomBootloader.c:100:12:BL_Exec_Erase_App_IMAGE	16	static
../STM32-Custom-Bootloader/src/CustomBootloader.c:108:12:BL_Exec_Erase_Sectors	24	static
../STM32-Custom-Bootloader/src/CustomBootloader.c:119:12:BL_Exec_Erase_Range_Of_Sectors	24	static
../STM32-Custom-Bootloader/src/CustomBootloader.c:129:12:BL_Jump_To_App	16	static
../STM32-Custom-Bootloader/src/CustomBootloader.c:137:12:BL_Exec_WRITE_32BIT_DATA_AT	16	static
../STM32-Custom-Bootloader/src/CustomBootloader.c:142:12:BL_Exec_WRITE_16BIT_DATA_AT	16	static
../STM32-Custom-Bootloader/src/CustomBootloader.c:147:12:BL_Exec_WRITE_8BIT_DATA_AT	16	static
../STM32-Custom-Bootloader/src/CustomBootloader.c:158:6:BL_Pooling_v	16	static
../STM32-Custom-Bootloader/src/CustomBootloader.c:189:6:BL_Init_v	40	static
../STM32-Custom-Bootloader/src/CustomBootloader.c:254:6:ExecuteCommand	24	static
