Archive member included to satisfy reference by file (symbol)

/opt/st/stm32cubeide_1.12.1/plugins/com.st.stm32cube.ide.mcu.externaltools.gnu-tools-for-stm32.10.3-2021.10.linux64_1.0.200.202301161003/tools/bin/../lib/gcc/arm-none-eabi/10.3.1/../../../../arm-none-eabi/lib/thumb/v7e-m+fp/hard/libc_nano.a(lib_a-errno.o)
                              ./Src/syscalls.o (__errno)
/opt/st/stm32cubeide_1.12.1/plugins/com.st.stm32cube.ide.mcu.externaltools.gnu-tools-for-stm32.10.3-2021.10.linux64_1.0.200.202301161003/tools/bin/../lib/gcc/arm-none-eabi/10.3.1/../../../../arm-none-eabi/lib/thumb/v7e-m+fp/hard/libc_nano.a(lib_a-exit.o)
                              /opt/st/stm32cubeide_1.12.1/plugins/com.st.stm32cube.ide.mcu.externaltools.gnu-tools-for-stm32.10.3-2021.10.linux64_1.0.200.202301161003/tools/bin/../lib/gcc/arm-none-eabi/10.3.1/../../../../arm-none-eabi/lib/thumb/v7e-m+fp/hard/crt0.o (exit)
/opt/st/stm32cubeide_1.12.1/plugins/com.st.stm32cube.ide.mcu.externaltools.gnu-tools-for-stm32.10.3-2021.10.linux64_1.0.200.202301161003/tools/bin/../lib/gcc/arm-none-eabi/10.3.1/../../../../arm-none-eabi/lib/thumb/v7e-m+fp/hard/libc_nano.a(lib_a-impure.o)
                              /opt/st/stm32cubeide_1.12.1/plugins/com.st.stm32cube.ide.mcu.externaltools.gnu-tools-for-stm32.10.3-2021.10.linux64_1.0.200.202301161003/tools/bin/../lib/gcc/arm-none-eabi/10.3.1/../../../../arm-none-eabi/lib/thumb/v7e-m+fp/hard/libc_nano.a(lib_a-exit.o) (_global_impure_ptr)
/opt/st/stm32cubeide_1.12.1/plugins/com.st.stm32cube.ide.mcu.externaltools.gnu-tools-for-stm32.10.3-2021.10.linux64_1.0.200.202301161003/tools/bin/../lib/gcc/arm-none-eabi/10.3.1/../../../../arm-none-eabi/lib/thumb/v7e-m+fp/hard/libc_nano.a(lib_a-init.o)
                              /opt/st/stm32cubeide_1.12.1/plugins/com.st.stm32cube.ide.mcu.externaltools.gnu-tools-for-stm32.10.3-2021.10.linux64_1.0.200.202301161003/tools/bin/../lib/gcc/arm-none-eabi/10.3.1/../../../../arm-none-eabi/lib/thumb/v7e-m+fp/hard/crt0.o (__libc_init_array)
/opt/st/stm32cubeide_1.12.1/plugins/com.st.stm32cube.ide.mcu.externaltools.gnu-tools-for-stm32.10.3-2021.10.linux64_1.0.200.202301161003/tools/bin/../lib/gcc/arm-none-eabi/10.3.1/../../../../arm-none-eabi/lib/thumb/v7e-m+fp/hard/libc_nano.a(lib_a-memset.o)
                              /opt/st/stm32cubeide_1.12.1/plugins/com.st.stm32cube.ide.mcu.externaltools.gnu-tools-for-stm32.10.3-2021.10.linux64_1.0.200.202301161003/tools/bin/../lib/gcc/arm-none-eabi/10.3.1/../../../../arm-none-eabi/lib/thumb/v7e-m+fp/hard/crt0.o (memset)
/opt/st/stm32cubeide_1.12.1/plugins/com.st.stm32cube.ide.mcu.externaltools.gnu-tools-for-stm32.10.3-2021.10.linux64_1.0.200.202301161003/tools/bin/../lib/gcc/arm-none-eabi/10.3.1/thumb/v7e-m+fp/hard/libgcc.a(_arm_muldf3.o)
                              ./STM32-Drivers/HMCAL/USART/USART.o (__aeabi_dmul)
/opt/st/stm32cubeide_1.12.1/plugins/com.st.stm32cube.ide.mcu.externaltools.gnu-tools-for-stm32.10.3-2021.10.linux64_1.0.200.202301161003/tools/bin/../lib/gcc/arm-none-eabi/10.3.1/thumb/v7e-m+fp/hard/libgcc.a(_arm_addsubdf3.o)
                              ./STM32-Drivers/LMCAL/SYSTICK/SYSTICK.o (__aeabi_dsub)
/opt/st/stm32cubeide_1.12.1/plugins/com.st.stm32cube.ide.mcu.externaltools.gnu-tools-for-stm32.10.3-2021.10.linux64_1.0.200.202301161003/tools/bin/../lib/gcc/arm-none-eabi/10.3.1/thumb/v7e-m+fp/hard/libgcc.a(_arm_muldivdf3.o)
                              ./STM32-Drivers/LMCAL/SYSTICK/SYSTICK.o (__aeabi_ddiv)
/opt/st/stm32cubeide_1.12.1/plugins/com.st.stm32cube.ide.mcu.externaltools.gnu-tools-for-stm32.10.3-2021.10.linux64_1.0.200.202301161003/tools/bin/../lib/gcc/arm-none-eabi/10.3.1/thumb/v7e-m+fp/hard/libgcc.a(_arm_cmpdf2.o)
                              ./STM32-Drivers/LMCAL/SYSTICK/SYSTICK.o (__aeabi_dcmplt)
/opt/st/stm32cubeide_1.12.1/plugins/com.st.stm32cube.ide.mcu.externaltools.gnu-tools-for-stm32.10.3-2021.10.linux64_1.0.200.202301161003/tools/bin/../lib/gcc/arm-none-eabi/10.3.1/thumb/v7e-m+fp/hard/libgcc.a(_arm_fixunsdfsi.o)
                              ./STM32-Drivers/HMCAL/USART/USART.o (__aeabi_d2uiz)

Discarded input sections

 .text          0x0000000000000000        0x0 /opt/st/stm32cubeide_1.12.1/plugins/com.st.stm32cube.ide.mcu.externaltools.gnu-tools-for-stm32.10.3-2021.10.linux64_1.0.200.202301161003/tools/bin/../lib/gcc/arm-none-eabi/10.3.1/thumb/v7e-m+fp/hard/crti.o
 .data          0x0000000000000000        0x0 /opt/st/stm32cubeide_1.12.1/plugins/com.st.stm32cube.ide.mcu.externaltools.gnu-tools-for-stm32.10.3-2021.10.linux64_1.0.200.202301161003/tools/bin/../lib/gcc/arm-none-eabi/10.3.1/thumb/v7e-m+fp/hard/crti.o
 .bss           0x0000000000000000        0x0 /opt/st/stm32cubeide_1.12.1/plugins/com.st.stm32cube.ide.mcu.externaltools.gnu-tools-for-stm32.10.3-2021.10.linux64_1.0.200.202301161003/tools/bin/../lib/gcc/arm-none-eabi/10.3.1/thumb/v7e-m+fp/hard/crti.o
[...]
Memory Configuration

Name             Origin             Length             Attributes
CCMRAM           0x0000000010000000 0x0000000000010000 xrw
RAM              0x0000000020000000 0x0000000000020000 xrw
FLASH            0x0000000008000000 0x0000000000100000 xr
*default*        0x0000000000000000 0xffffffffffffffff

Linker script and memory map

LOAD /opt/st/stm32cubeide_1.12.1/plugins/com.st.stm32cube.ide.mcu.externaltools.gnu-tools-for-stm32.10.3-2021.10.linux64_1.0.200.202301161003/tools/bin/../lib/gcc/arm-none-eabi/10.3.1/thumb/v7e-m+fp/hard/crti.o
LOAD /opt/st/stm32cubeide_1.12.1/plugins/com.st.stm32cube.ide.mcu.externaltools.gnu-tools-for-stm32.10.3-2021.10.linux64_1.0.200.202301161003/tools/bin/../lib/gcc/arm-none-eabi/10.3.1/thumb/v7e-m+fp/hard/crtbegin.o
LOAD /opt/st/stm32cubeide_1.12.1/plugins/com.st.stm32cube.ide.mcu.externaltools.gnu-tools-for-stm32.10.3-2021.10.linux64_1.0.200.202301161003/tools/bin/../lib/gcc/arm-none-eabi/10.3.1/../../../../arm-none-eabi/lib/thumb/v7e-m+fp/hard/crt0.o
LOAD ./STM32-Custom-Bootloader/src/CustomBootloader.o
LOAD ./STM32-Drivers/HAL/Button/Button.o
LOAD ./STM32-Drivers/HAL/Buzzer/Buzzer.o
LOAD ./STM32-Drivers/HAL/DCMotor/DCMotor.o
LOAD ./STM32-Drivers/HAL/Keypad/Keypad.o
LOAD ./STM32-Drivers/HAL/LED/LED.o
LOAD ./STM32-Drivers/HAL/ServoMotor/ServoMotor.o
LOAD ./STM32-Drivers/HAL/SevenSegment/SevenSegment.o
LOAD ./STM32-Drivers/HAL/SevenSegment_Module56D330/SevenSegmentSevenSegmentModule56D330.o
LOAD ./STM32-Drivers/HAL/TFTLCD/TFTLCD.o
LOAD ./STM32-Drivers/HAL/TFTLCD/TFTTestImage.o
LOAD ./STM32-Drivers/HMCAL/ADC/ADC.o
LOAD ./STM32-Drivers/HMCAL/CAN/CAN.o
LOAD ./STM32-Drivers/HMCAL/DAC/DAC.o
LOAD ./STM32-Drivers/HMCAL/DMA/DMA.o
LOAD ./STM32-Drivers/HMCAL/EXTI/EXTI.o
LOAD ./STM32-Drivers/HMCAL/FMI/FMI.o
LOAD ./STM32-Drivers/HMCAL/GPIO/GPIO.o
LOAD ./STM32-Drivers/HMCAL/IWDG/IWDG.o
LOAD ./STM32-Drivers/HMCAL/Interrupt/InterruptHandlers.o
LOAD ./STM32-Drivers/HMCAL/RCC/RCC.o
LOAD ./STM32-Drivers/HMCAL/SPI/SPI.o
LOAD ./STM32-Drivers/HMCAL/SYSCFG/SYSCFG.o
LOAD ./STM32-Drivers/HMCAL/TIM/TIM.o
LOAD ./STM32-Drivers/HMCAL/USART/USART.o
LOAD ./STM32-Drivers/LIB/CRC/CRC.o
LOAD ./STM32-Drivers/LIB/Delay/Delay.o
LOAD ./STM32-Drivers/LIB/RandomNumberGenerator/RNG.o
LOAD ./STM32-Drivers/LIB/utils.o
LOAD ./STM32-Drivers/LMCAL/NVIC/NVIC.o
LOAD ./STM32-Drivers/LMCAL/SCB/SCB.o
LOAD ./STM32-Drivers/LMCAL/SYSTICK/SYSTICK.o
LOAD ./STM32_Drivers_Configurations/Driver_SystemInitialization.o
LOAD ./Src/main.o
LOAD ./Src/syscalls.o
LOAD ./Src/sysmem.o
LOAD ./Startup/startup_stm32f407vgtx.o
START GROUP
LOAD /opt/st/stm32cubeide_1.12.1/plugins/com.st.stm32cube.ide.mcu.externaltools.gnu-tools-for-stm32.10.3-2021.10.linux64_1.0.200.202301161003/tools/bin/../lib/gcc/arm-none-eabi/10.3.1/../../../../arm-none-eabi/lib/thumb/v7e-m+fp/hard/libc_nano.a
LOAD /opt/st/stm32cubeide_1.12.1/plugins/com.st.stm32cube.ide.mcu.externaltools.gnu-tools-for-stm32.10.3-2021.10.linux64_1.0.200.202301161003/tools/bin/../lib/gcc/arm-none-eabi/10.3.1/../../../../arm-none-eabi/lib/thumb/v7e-m+fp/hard/libm.a
END GROUP
START GROUP
LOAD /opt/st/stm32cubeide_1.12.1/plugins/com.st.stm32cube.ide.mcu.externaltools.gnu-tools-for-stm32.10.3-2021.10.linux64_1.0.200.202301161003/tools/bin/../lib/gcc/arm-none-eabi/10.3.1/thumb/v7e-m+fp/hard/libgcc.a
LOAD /opt/st/stm32cubeide_1.12.1/plugins/com.st.stm32cube.ide.mcu.externaltools.gnu-tools-for-stm32.10.3-2021.10.linux64_1.0.200.202301161003/tools/bin/../lib/gcc/arm-none-eabi/10.3.1/../../../../arm-none-eabi/lib/thumb/v7e-m+fp/hard/libc_nano.a
END GROUP
START GROUP
LOAD /opt/st/stm32cubeide_1.12.1/plugins/com.st.stm32cube.ide.mcu.externaltools.gnu-tools-for-stm32.10.3-2021.10.linux64_1.0.200.202301161003/tools/bin/../lib/gcc/arm-none-eabi/10.3.1/thumb/v7e-m+fp/hard/libgcc.a
LOAD /opt/st/stm32cubeide_1.12.1/plugins/com.st.stm32cube.ide.mcu.externaltools.gnu-tools-for-stm32.10.3-2021.10.linux64_1.0.200.202301161003/tools/bin/../lib/gcc/arm-none-eabi/10.3.1/../../../../arm-none-eabi/lib/thumb/v7e-m+fp/hard/libc_nano.a
LOAD /opt/st/stm32cubeide_1.12.1/plugins/com.st.stm32cube.ide.mcu.externaltools.gnu-tools-for-stm32.10.3-2021.10.linux64_1.0.200.202301161003/tools/bin/../lib/gcc/arm-none-eabi/10.3.1/../../../../arm-none-eabi/lib/thumb/v7e-m+fp/hard/libnosys.a
END GROUP
START GROUP
LOAD /opt/st/stm32cubeide_1.12.1/plugins/com.st.stm32cube.ide.mcu.externaltools.gnu-tools-for-stm32.10.3-2021.10.linux64_1.0.200.202301161003/tools/bin/../lib/gcc/arm-none-eabi/10.3.1/thumb/v7e-m+fp/hard/libgcc.a
LOAD /opt/st/stm32cubeide_1.12.1/plugins/com.st.stm32cube.ide.mcu.externaltools.gnu-tools-for-stm32.10.3-2021.10.linux64_1.0.200.202301161003/tools/bin/../lib/gcc/arm-none-eabi/10.3.1/../../../../arm-none-eabi/lib/thumb/v7e-m+fp/hard/libc_nano.a
LOAD /opt/st/stm32cubeide_1.12.1/plugins/com.st.stm32cube.ide.mcu.externaltools.gnu-tools-for-stm32.10.3-2021.10.linux64_1.0.200.202301161003/tools/bin/../lib/gcc/arm-none-eabi/10.3.1/../../../../arm-none-eabi/lib/thumb/v7e-m+fp/hard/libnosys.a
END GROUP
LOAD /opt/st/stm32cubeide_1.12.1/plugins/com.st.stm32cube.ide.mcu.externaltools.gnu-tools-for-stm32.10.3-2021.10.linux64_1.0.200.202301161003/tools/bin/../lib/gcc/arm-none-eabi/10.3.1/thumb/v7e-m+fp/hard/crtend.o
LOAD /opt/st/stm32cubeide_1.12.1/plugins/com.st.stm32cube.ide.mcu.externaltools.gnu-tools-for-stm32.10.3-2021.10.linux64_1.0.200.202301161003/tools/bin/../lib/gcc/arm-none-eabi/10.3.1/thumb/v7e-m+fp/hard/crtn.o
                0x0000000020020000                _estack = (ORIGIN (RAM) + LENGTH (RAM))
                0x0000000000000200                _Min_Heap_Size = 0x200
                0x0000000000000400                _Min_Stack_Size = 0x400

.isr_vector     0x0000000008000000      0x1a8
                0x0000000008000000                . = ALIGN (0x4)
 *(.isr_vector)
 .isr_vector    0x0000000008000000      0x1a8 ./Startup/startup_stm32f407vgtx.o
                0x0000000008000000                g_pfnVectors
                0x00000000080001a8                . = ALIGN (0x4)

.text           0x00000000080001a8     0x3de0
                0x00000000080001a8                . = ALIGN (0x4)
 *(.text)
 .text          0x00000000080001a8       0x40 /opt/st/stm32cubeide_1.12.1/plugins/com.st.stm32cube.ide.mcu.externaltools.gnu-tools-for-stm32.10.3-2021.10.linux64_1.0.200.202301161003/tools/bin/../lib/gcc/arm-none-eabi/10.3.1/thumb/v7e-m+fp/hard/crtbegin.o
 .text          0x00000000080001e8      0x378 /opt/st/stm32cubeide_1.12.1/plugins/com.st.stm32cube.ide.mcu.externaltools.gnu-tools-for-stm32.10.3-2021.10.linux64_1.0.200.202301161003/tools/bin/../lib/gcc/arm-none-eabi/10.3.1/thumb/v7e-m+fp/hard/libgcc.a(_arm_addsubdf3.o)
                0x00000000080001e8                __aeabi_drsub
                0x00000000080001f0                __aeabi_dsub
                0x00000000080001f0                __subdf3
                0x00000000080001f4                __adddf3
                0x00000000080001f4                __aeabi_dadd
                0x000000000800046c                __aeabi_ui2d
                0x000000000800046c                __floatunsidf
                0x000000000800048c                __floatsidf
                0x000000000800048c                __aeabi_i2d
                0x00000000080004b0                __extendsfdf2
                0x00000000080004b0                __aeabi_f2d
                0x00000000080004f4                __aeabi_ul2d
                0x00000000080004f4                __floatundidf
                0x0000000008000504                __floatdidf
                0x0000000008000504                __aeabi_l2d
 .text          0x0000000008000560      0x424 /opt/st/stm32cubeide_1.12.1/plugins/com.st.stm32cube.ide.mcu.externaltools.gnu-tools-for-stm32.10.3-2021.10.linux64_1.0.200.202301161003/tools/bin/../lib/gcc/arm-none-eabi/10.3.1/thumb/v7e-m+fp/hard/libgcc.a(_arm_muldivdf3.o)
                0x0000000008000560                __aeabi_dmul
                0x0000000008000560                __muldf3
                0x00000000080007b4                __aeabi_ddiv
                0x00000000080007b4                __divdf3
 .text          0x0000000008000984      0x110 /opt/st/stm32cubeide_1.12.1/plugins/com.st.stm32cube.ide.mcu.externaltools.gnu-tools-for-stm32.10.3-2021.10.linux64_1.0.200.202301161003/tools/bin/../lib/gcc/arm-none-eabi/10.3.1/thumb/v7e-m+fp/hard/libgcc.a(_arm_cmpdf2.o)
                0x0000000008000984                __gtdf2
                0x0000000008000984                __gedf2
                0x000000000800098c                __ltdf2
                0x000000000800098c                __ledf2
                0x0000000008000994                __cmpdf2
                0x0000000008000994                __eqdf2
                0x0000000008000994                __nedf2
                0x0000000008000a10                __aeabi_cdrcmple
                0x0000000008000a20                __aeabi_cdcmple
                0x0000000008000a20                __aeabi_cdcmpeq
                0x0000000008000a30                __aeabi_dcmpeq
                0x0000000008000a44                __aeabi_dcmplt
                0x0000000008000a58                __aeabi_dcmple
                0x0000000008000a6c                __aeabi_dcmpge
                0x0000000008000a80                __aeabi_dcmpgt
 .text          0x0000000008000a94       0x40 /opt/st/stm32cubeide_1.12.1/plugins/com.st.stm32cube.ide.mcu.externaltools.gnu-tools-for-stm32.10.3-2021.10.linux64_1.0.200.202301161003/tools/bin/../lib/gcc/arm-none-eabi/10.3.1/thumb/v7e-m+fp/hard/libgcc.a(_arm_fixunsdfsi.o)
                0x0000000008000a94                __fixunsdfsi
                0x0000000008000a94                __aeabi_d2uiz
 *(.text*)
 .text.BL_Exec_No_Cmd
                0x0000000008000ad4       0x10 ./STM32-Custom-Bootloader/src/CustomBootloader.o
                0x0000000008000ad4                BL_Exec_No_Cmd
 .text.BL_Exec_Connect_To_BL
                0x0000000008000ae4       0x10 ./STM32-Custom-Bootloader/src/CustomBootloader.o
                0x0000000008000ae4                BL_Exec_Connect_To_BL
 .text.BL_Exec_Update_Flag
                0x0000000008000af4       0x1c ./STM32-Custom-Bootloader/src/CustomBootloader.o
                0x0000000008000af4                BL_Exec_Update_Flag
 .text.BL_Exec_Connect_To_App
                0x0000000008000b10       0x10 ./STM32-Custom-Bootloader/src/CustomBootloader.o
                0x0000000008000b10                BL_Exec_Connect_To_App
 .text.BL_Exec_Update_Version
                0x0000000008000b20       0x18 ./STM32-Custom-Bootloader/src/CustomBootloader.o
                0x0000000008000b20                BL_Exec_Update_Version
 .text.BL_Exec_SET_VALID_IMAGE
                0x0000000008000b38       0x18 ./STM32-Custom-Bootloader/src/CustomBootloader.o
                0x0000000008000b38                BL_Exec_SET_VALID_IMAGE
 .text.BL_Exec_Erase_App_IMAGE
                0x0000000008000b50       0x2c ./STM32-Custom-Bootloader/src/CustomBootloader.o
                0x0000000008000b50                BL_Exec_Erase_App_IMAGE
 .text.BL_Exec_Erase_Sectors
                0x0000000008000b7c       0x3e ./STM32-Custom-Bootloader/src/CustomBootloader.o
                0x0000000008000b7c                BL_Exec_Erase_Sectors
 .text.BL_Exec_Erase_Range_Of_Sectors
                0x0000000008000bba       0x32 ./STM32-Custom-Bootloader/src/CustomBootloader.o
                0x0000000008000bba                BL_Exec_Erase_Range_Of_Sectors
 .text.BL_Jump_To_App
                0x0000000008000bec       0x2c ./STM32-Custom-Bootloader/src/CustomBootloader.o
                0x0000000008000bec                BL_Jump_To_App
 .text.BL_Exec_WRITE_32BIT_DATA_AT
                0x0000000008000c18       0x1c ./STM32-Custom-Bootloader/src/CustomBootloader.o
                0x0000000008000c18                BL_Exec_WRITE_32BIT_DATA_AT
 .text.BL_Exec_WRITE_16BIT_DATA_AT
                0x0000000008000c34       0x20 ./STM32-Custom-Bootloader/src/CustomBootloader.o
                0x0000000008000c34                BL_Exec_WRITE_16BIT_DATA_AT
 .text.BL_Exec_WRITE_8BIT_DATA_AT
                0x0000000008000c54       0x20 ./STM32-Custom-Bootloader/src/CustomBootloader.o
                0x0000000008000c54                BL_Exec_WRITE_8BIT_DATA_AT
 .text.BL_Pooling_v
                0x0000000008000c74       0x98 ./STM32-Custom-Bootloader/src/CustomBootloader.o
                0x0000000008000c74                BL_Pooling_v
 .text.BL_Init_v
                0x0000000008000d0c       0xcc ./STM32-Custom-Bootloader/src/CustomBootloader.o
                0x0000000008000d0c                BL_Init_v
 .text.ExecuteCommand
                0x0000000008000dd8      0x154 ./STM32-Custom-Bootloader/src/CustomBootloader.o
 .text.CAN_Config_v
                0x0000000008000f2c      0x504 ./STM32-Drivers/HMCAL/CAN/CAN.o
                0x0000000008000f2c                CAN_Config_v
 .text.CAN_SendData_v
                0x0000000008001430      0x408 ./STM32-Drivers/HMCAL/CAN/CAN.o
                0x0000000008001430                CAN_SendData_v
 .text.CAN_AddRxFilter_v
                0x0000000008001838      0x540 ./STM32-Drivers/HMCAL/CAN/CAN.o
                0x0000000008001838                CAN_AddRxFilter_v
 .text.CAN_Receive_v
                0x0000000008001d78      0x2a8 ./STM32-Drivers/HMCAL/CAN/CAN.o
                0x0000000008001d78                CAN_Receive_v
 .text.DMA_CheckInterruptAndClear_Bool
                0x0000000008002020      0x11c ./STM32-Drivers/HMCAL/DMA/DMA.o
                0x0000000008002020                DMA_CheckInterruptAndClear_Bool
 .text.EXTI_CheckInterrupt_Bool
                0x000000000800213c       0x34 ./STM32-Drivers/HMCAL/EXTI/EXTI.o
                0x000000000800213c                EXTI_CheckInterrupt_Bool
 .text.EXTI_ClearInterrupt_v
                0x0000000008002170       0x44 ./STM32-Drivers/HMCAL/EXTI/EXTI.o
                0x0000000008002170                EXTI_ClearInterrupt_v
 .text.FMI_FlashWriteU8Data_v
                0x00000000080021b4       0x98 ./STM32-Drivers/HMCAL/FMI/FMI.o
                0x00000000080021b4                FMI_FlashWriteU8Data_v
 .text.FMI_FlashWriteU16Data_v
                0x000000000800224c       0x98 ./STM32-Drivers/HMCAL/FMI/FMI.o
                0x000000000800224c                FMI_FlashWriteU16Data_v
 .text.FMI_FlashWriteU32Data_v
                0x00000000080022e4       0x98 ./STM32-Drivers/HMCAL/FMI/FMI.o
                0x00000000080022e4                FMI_FlashWriteU32Data_v
 .text.FMI_EraseFlashSector_v
                0x000000000800237c       0xac ./STM32-Drivers/HMCAL/FMI/FMI.o
                0x000000000800237c                FMI_EraseFlashSector_v
 .text.GPIO_Config_v
                0x0000000008002428      0x2f4 ./STM32-Drivers/HMCAL/GPIO/GPIO.o
                0x0000000008002428                GPIO_Config_v
 .text.GPIO_MapGPIOPIN_v
                0x000000000800271c       0xc8 ./STM32-Drivers/HMCAL/GPIO/GPIO.o
                0x000000000800271c                GPIO_MapGPIOPIN_v
 .text.InterruptHandler_Init_v
                0x00000000080027e4       0xe4 ./STM32-Drivers/HMCAL/Interrupt/InterruptHandlers.o
                0x00000000080027e4                InterruptHandler_Init_v
 .text.NMI_Handler
                0x00000000080028c8        0xe ./STM32-Drivers/HMCAL/Interrupt/InterruptHandlers.o
                0x00000000080028c8                NMI_Handler
 .text.HardFault_Handler
                0x00000000080028d6        0xe ./STM32-Drivers/HMCAL/Interrupt/InterruptHandlers.o
                0x00000000080028d6                HardFault_Handler
 .text.MemManage_Handler
                0x00000000080028e4        0xe ./STM32-Drivers/HMCAL/Interrupt/InterruptHandlers.o
                0x00000000080028e4                MemManage_Handler
 .text.BusFault_Handler
                0x00000000080028f2        0xe ./STM32-Drivers/HMCAL/Interrupt/InterruptHandlers.o
                0x00000000080028f2                BusFault_Handler
 .text.UsageFault_Handler
                0x0000000008002900        0xe ./STM32-Drivers/HMCAL/Interrupt/InterruptHandlers.o
                0x0000000008002900                UsageFault_Handler
 .text.SVC_Handler
                0x000000000800290e        0xe ./STM32-Drivers/HMCAL/Interrupt/InterruptHandlers.o
                0x000000000800290e                SVC_Handler
 .text.DebugMon_Handler
                0x000000000800291c        0xe ./STM32-Drivers/HMCAL/Interrupt/InterruptHandlers.o
                0x000000000800291c                DebugMon_Handler
 .text.PendSV_Handler
                0x000000000800292a        0xe ./STM32-Drivers/HMCAL/Interrupt/InterruptHandlers.o
                0x000000000800292a                PendSV_Handler
 .text.WWDG_IRQHandler
                0x0000000008002938        0xe ./STM32-Drivers/HMCAL/Interrupt/InterruptHandlers.o
                0x0000000008002938                WWDG_IRQHandler
 .text.PVD_IRQHandler
                0x0000000008002946        0xe ./STM32-Drivers/HMCAL/Interrupt/InterruptHandlers.o
                0x0000000008002946                PVD_IRQHandler
 .text.TAMP_STAMP_IRQHandler
                0x0000000008002954        0xe ./STM32-Drivers/HMCAL/Interrupt/InterruptHandlers.o
                0x0000000008002954                TAMP_STAMP_IRQHandler
 .text.RTC_WKUP_IRQHandler
                0x0000000008002962        0xe ./STM32-Drivers/HMCAL/Interrupt/InterruptHandlers.o
                0x0000000008002962                RTC_WKUP_IRQHandler
 .text.RCC_IRQHandler
                0x0000000008002970        0xe ./STM32-Drivers/HMCAL/Interrupt/InterruptHandlers.o
                0x0000000008002970                RCC_IRQHandler
 *fill*         0x000000000800297e        0x2 
 .text.EXTI0_IRQHandler
                0x0000000008002980       0x70 ./STM32-Drivers/HMCAL/Interrupt/InterruptHandlers.o
                0x0000000008002980                EXTI0_IRQHandler
 .text.EXTI1_IRQHandler
                0x00000000080029f0       0x70 ./STM32-Drivers/HMCAL/Interrupt/InterruptHandlers.o
                0x00000000080029f0                EXTI1_IRQHandler
 .text.EXTI2_IRQHandler
                0x0000000008002a60       0x70 ./STM32-Drivers/HMCAL/Interrupt/InterruptHandlers.o
                0x0000000008002a60                EXTI2_IRQHandler
 .text.EXTI3_IRQHandler
                0x0000000008002ad0       0x70 ./STM32-Drivers/HMCAL/Interrupt/InterruptHandlers.o
                0x0000000008002ad0                EXTI3_IRQHandler
 .text.EXTI4_IRQHandler
                0x0000000008002b40       0x70 ./STM32-Drivers/HMCAL/Interrupt/InterruptHandlers.o
                0x0000000008002b40                EXTI4_IRQHandler
 .text.DMA1_Stream0_IRQHandler
                0x0000000008002bb0       0x58 ./STM32-Drivers/HMCAL/Interrupt/InterruptHandlers.o
                0x0000000008002bb0                DMA1_Stream0_IRQHandler
 .text.DMA1_Stream1_IRQHandler
                0x0000000008002c08       0x5c ./STM32-Drivers/HMCAL/Interrupt/InterruptHandlers.o
                0x0000000008002c08                DMA1_Stream1_IRQHandler
 .text.DMA1_Stream2_IRQHandler
                0x0000000008002c64       0x5c ./STM32-Drivers/HMCAL/Interrupt/InterruptHandlers.o
                0x0000000008002c64                DMA1_Stream2_IRQHandler
 .text.DMA1_Stream3_IRQHandler
                0x0000000008002cc0       0x5c ./STM32-Drivers/HMCAL/Interrupt/InterruptHandlers.o
                0x0000000008002cc0                DMA1_Stream3_IRQHandler
 .text.DMA1_Stream4_IRQHandler
                0x0000000008002d1c       0x5c ./STM32-Drivers/HMCAL/Interrupt/InterruptHandlers.o
                0x0000000008002d1c                DMA1_Stream4_IRQHandler
 .text.DMA1_Stream5_IRQHandler
                0x0000000008002d78       0x5c ./STM32-Drivers/HMCAL/Interrupt/InterruptHandlers.o
                0x0000000008002d78                DMA1_Stream5_IRQHandler
 .text.DMA1_Stream6_IRQHandler
                0x0000000008002dd4       0x5c ./STM32-Drivers/HMCAL/Interrupt/InterruptHandlers.o
                0x0000000008002dd4                DMA1_Stream6_IRQHandler
 .text.ADC_IRQHandler
                0x0000000008002e30        0xe ./STM32-Drivers/HMCAL/Interrupt/InterruptHandlers.o
                0x0000000008002e30                ADC_IRQHandler
 .text.CAN1_TX_IRQHandler
                0x0000000008002e3e        0xe ./STM32-Drivers/HMCAL/Interrupt/InterruptHandlers.o
                0x0000000008002e3e                CAN1_TX_IRQHandler
 .text.CAN1_RX0_IRQHandler
                0x0000000008002e4c        0xe ./STM32-Drivers/HMCAL/Interrupt/InterruptHandlers.o
                0x0000000008002e4c                CAN1_RX0_IRQHandler
 .text.CAN1_RX1_IRQHandler
                0x0000000008002e5a        0xe ./STM32-Drivers/HMCAL/Interrupt/InterruptHandlers.o
                0x0000000008002e5a                CAN1_RX1_IRQHandler
 .text.CAN1_SCE_IRQHandler
                0x0000000008002e68        0xe ./STM32-Drivers/HMCAL/Interrupt/InterruptHandlers.o
                0x0000000008002e68                CAN1_SCE_IRQHandler
 *fill*         0x0000000008002e76        0x2 
 .text.EXTI9_5_IRQHandler
                0x0000000008002e78       0x84 ./STM32-Drivers/HMCAL/Interrupt/InterruptHandlers.o
                0x0000000008002e78                EXTI9_5_IRQHandler
 .text.TIM1_BRK_TIM9_IRQHandler
                0x0000000008002efc        0xe ./STM32-Drivers/HMCAL/Interrupt/InterruptHandlers.o
                0x0000000008002efc                TIM1_BRK_TIM9_IRQHandler
 .text.TIM1_UP_TIM10_IRQHandler
                0x0000000008002f0a        0xe ./STM32-Drivers/HMCAL/Interrupt/InterruptHandlers.o
                0x0000000008002f0a                TIM1_UP_TIM10_IRQHandler
 .text.TIM1_TRG_COM_TIM11_IRQHandler
                0x0000000008002f18        0xe ./STM32-Drivers/HMCAL/Interrupt/InterruptHandlers.o
                0x0000000008002f18                TIM1_TRG_COM_TIM11_IRQHandler
 .text.TIM1_CC_IRQHandler
                0x0000000008002f26        0xe ./STM32-Drivers/HMCAL/Interrupt/InterruptHandlers.o
                0x0000000008002f26                TIM1_CC_IRQHandler
 .text.TIM2_IRQHandler
                0x0000000008002f34        0xe ./STM32-Drivers/HMCAL/Interrupt/InterruptHandlers.o
                0x0000000008002f34                TIM2_IRQHandler
 .text.TIM3_IRQHandler
                0x0000000008002f42        0xe ./STM32-Drivers/HMCAL/Interrupt/InterruptHandlers.o
                0x0000000008002f42                TIM3_IRQHandler
 .text.TIM4_IRQHandler
                0x0000000008002f50        0xe ./STM32-Drivers/HMCAL/Interrupt/InterruptHandlers.o
                0x0000000008002f50                TIM4_IRQHandler
 .text.I2C1_EV_IRQHandler
                0x0000000008002f5e        0xe ./STM32-Drivers/HMCAL/Interrupt/InterruptHandlers.o
                0x0000000008002f5e                I2C1_EV_IRQHandler
 .text.I2C1_ER_IRQHandler
                0x0000000008002f6c        0xe ./STM32-Drivers/HMCAL/Interrupt/InterruptHandlers.o
                0x0000000008002f6c                I2C1_ER_IRQHandler
 .text.I2C2_EV_IRQHandler
                0x0000000008002f7a        0xe ./STM32-Drivers/HMCAL/Interrupt/InterruptHandlers.o
                0x0000000008002f7a                I2C2_EV_IRQHandler
 .text.I2C2_ER_IRQHandler
                0x0000000008002f88        0xe ./STM32-Drivers/HMCAL/Interrupt/InterruptHandlers.o
                0x0000000008002f88                I2C2_ER_IRQHandler
 .text.SPI1_IRQHandler
                0x0000000008002f96        0xe ./STM32-Drivers/HMCAL/Interrupt/InterruptHandlers.o
                0x0000000008002f96                SPI1_IRQHandler
 .text.SPI2_IRQHandler
                0x0000000008002fa4        0xe ./STM32-Drivers/HMCAL/Interrupt/InterruptHandlers.o
                0x0000000008002fa4                SPI2_IRQHandler
 *fill*         0x0000000008002fb2        0x2 
 .text.USART1_IRQHandler
                0x0000000008002fb4       0x4c ./STM32-Drivers/HMCAL/Interrupt/InterruptHandlers.o
                0x0000000008002fb4                USART1_IRQHandler
 .text.USART2_IRQHandler
                0x0000000008003000       0x50 ./STM32-Drivers/HMCAL/Interrupt/InterruptHandlers.o
                0x0000000008003000                USART2_IRQHandler
 .text.USART3_IRQHandler
                0x0000000008003050       0x50 ./STM32-Drivers/HMCAL/Interrupt/InterruptHandlers.o
                0x0000000008003050                USART3_IRQHandler
 .text.EXTI15_10_IRQHandler
                0x00000000080030a0       0x7c ./STM32-Drivers/HMCAL/Interrupt/InterruptHandlers.o
                0x00000000080030a0                EXTI15_10_IRQHandler
 .text.RTC_Alarm_IRQHandler
                0x000000000800311c        0xe ./STM32-Drivers/HMCAL/Interrupt/InterruptHandlers.o
                0x000000000800311c                RTC_Alarm_IRQHandler
 .text.OTG_FS_WKUP_IRQHandler
                0x000000000800312a        0xe ./STM32-Drivers/HMCAL/Interrupt/InterruptHandlers.o
                0x000000000800312a                OTG_FS_WKUP_IRQHandler
 .text.TIM8_BRK_TIM12_IRQHandler
                0x0000000008003138        0xe ./STM32-Drivers/HMCAL/Interrupt/InterruptHandlers.o
                0x0000000008003138                TIM8_BRK_TIM12_IRQHandler
 .text.TIM8_UP_TIM13_IRQHandler
                0x0000000008003146        0xe ./STM32-Drivers/HMCAL/Interrupt/InterruptHandlers.o
                0x0000000008003146                TIM8_UP_TIM13_IRQHandler
 .text.TIM8_TRG_COM_TIM14_IRQHandler
                0x0000000008003154        0xe ./STM32-Drivers/HMCAL/Interrupt/InterruptHandlers.o
                0x0000000008003154                TIM8_TRG_COM_TIM14_IRQHandler
 .text.TIM8_CC_IRQHandler
                0x0000000008003162        0xe ./STM32-Drivers/HMCAL/Interrupt/InterruptHandlers.o
                0x0000000008003162                TIM8_CC_IRQHandler
 .text.DMA1_Stream7_IRQHandler
                0x0000000008003170       0x5c ./STM32-Drivers/HMCAL/Interrupt/InterruptHandlers.o
                0x0000000008003170                DMA1_Stream7_IRQHandler
 .text.FSMC_IRQHandler
                0x00000000080031cc        0xe ./STM32-Drivers/HMCAL/Interrupt/InterruptHandlers.o
                0x00000000080031cc                FSMC_IRQHandler
 .text.SDIO_IRQHandler
                0x00000000080031da        0xe ./STM32-Drivers/HMCAL/Interrupt/InterruptHandlers.o
                0x00000000080031da                SDIO_IRQHandler
 .text.TIM5_IRQHandler
                0x00000000080031e8        0xe ./STM32-Drivers/HMCAL/Interrupt/InterruptHandlers.o
                0x00000000080031e8                TIM5_IRQHandler
 .text.SPI3_IRQHandler
                0x00000000080031f6        0xe ./STM32-Drivers/HMCAL/Interrupt/InterruptHandlers.o
                0x00000000080031f6                SPI3_IRQHandler
 .text.UART4_IRQHandler
                0x0000000008003204       0x50 ./STM32-Drivers/HMCAL/Interrupt/InterruptHandlers.o
                0x0000000008003204                UART4_IRQHandler
 .text.UART5_IRQHandler
                0x0000000008003254       0x50 ./STM32-Drivers/HMCAL/Interrupt/InterruptHandlers.o
                0x0000000008003254                UART5_IRQHandler
 .text.TIM6_DAC_IRQHandler
                0x00000000080032a4        0xe ./STM32-Drivers/HMCAL/Interrupt/InterruptHandlers.o
                0x00000000080032a4                TIM6_DAC_IRQHandler
 .text.TIM7_IRQHandler
                0x00000000080032b2        0xe ./STM32-Drivers/HMCAL/Interrupt/InterruptHandlers.o
                0x00000000080032b2                TIM7_IRQHandler
 .text.DMA2_Stream0_IRQHandler
                0x00000000080032c0       0x5c ./STM32-Drivers/HMCAL/Interrupt/InterruptHandlers.o
                0x00000000080032c0                DMA2_Stream0_IRQHandler
 .text.DMA2_Stream1_IRQHandler
                0x000000000800331c       0x5c ./STM32-Drivers/HMCAL/Interrupt/InterruptHandlers.o
                0x000000000800331c                DMA2_Stream1_IRQHandler
 .text.DMA2_Stream2_IRQHandler
                0x0000000008003378       0x5c ./STM32-Drivers/HMCAL/Interrupt/InterruptHandlers.o
                0x0000000008003378                DMA2_Stream2_IRQHandler
 .text.DMA2_Stream3_IRQHandler
                0x00000000080033d4       0x5c ./STM32-Drivers/HMCAL/Interrupt/InterruptHandlers.o
                0x00000000080033d4                DMA2_Stream3_IRQHandler
 .text.DMA2_Stream4_IRQHandler
                0x0000000008003430       0x5c ./STM32-Drivers/HMCAL/Interrupt/InterruptHandlers.o
                0x0000000008003430                DMA2_Stream4_IRQHandler
 .text.ETH_IRQHandler
                0x000000000800348c        0xe ./STM32-Drivers/HMCAL/Interrupt/InterruptHandlers.o
                0x000000000800348c                ETH_IRQHandler
 .text.ETH_WKUP_IRQHandler
                0x000000000800349a        0xe ./STM32-Drivers/HMCAL/Interrupt/InterruptHandlers.o
                0x000000000800349a                ETH_WKUP_IRQHandler
 .text.CAN2_TX_IRQHandler
                0x00000000080034a8        0xe ./STM32-Drivers/HMCAL/Interrupt/InterruptHandlers.o
                0x00000000080034a8                CAN2_TX_IRQHandler
 .text.CAN2_RX0_IRQHandler
                0x00000000080034b6        0xe ./STM32-Drivers/HMCAL/Interrupt/InterruptHandlers.o
                0x00000000080034b6                CAN2_RX0_IRQHandler
 .text.CAN2_RX1_IRQHandler
                0x00000000080034c4        0xe ./STM32-Drivers/HMCAL/Interrupt/InterruptHandlers.o
                0x00000000080034c4                CAN2_RX1_IRQHandler
 .text.CAN2_SCE_IRQHandler
                0x00000000080034d2        0xe ./STM32-Drivers/HMCAL/Interrupt/InterruptHandlers.o
                0x00000000080034d2                CAN2_SCE_IRQHandler
 .text.OTG_FS_IRQHandler
                0x00000000080034e0        0xe ./STM32-Drivers/HMCAL/Interrupt/InterruptHandlers.o
                0x00000000080034e0                OTG_FS_IRQHandler
 *fill*         0x00000000080034ee        0x2 
 .text.DMA2_Stream5_IRQHandler
                0x00000000080034f0       0x5c ./STM32-Drivers/HMCAL/Interrupt/InterruptHandlers.o
                0x00000000080034f0                DMA2_Stream5_IRQHandler
 .text.DMA2_Stream6_IRQHandler
                0x000000000800354c       0x5c ./STM32-Drivers/HMCAL/Interrupt/InterruptHandlers.o
                0x000000000800354c                DMA2_Stream6_IRQHandler
 .text.DMA2_Stream7_IRQHandler
                0x00000000080035a8       0x5c ./STM32-Drivers/HMCAL/Interrupt/InterruptHandlers.o
                0x00000000080035a8                DMA2_Stream7_IRQHandler
 .text.USART6_IRQHandler
                0x0000000008003604       0x50 ./STM32-Drivers/HMCAL/Interrupt/InterruptHandlers.o
                0x0000000008003604                USART6_IRQHandler
 .text.I2C3_EV_IRQHandler
                0x0000000008003654        0xe ./STM32-Drivers/HMCAL/Interrupt/InterruptHandlers.o
                0x0000000008003654                I2C3_EV_IRQHandler
 .text.I2C3_ER_IRQHandler
                0x0000000008003662        0xe ./STM32-Drivers/HMCAL/Interrupt/InterruptHandlers.o
                0x0000000008003662                I2C3_ER_IRQHandler
 .text.OTG_HS_EP1_OUT_IRQHandler
                0x0000000008003670        0xe ./STM32-Drivers/HMCAL/Interrupt/InterruptHandlers.o
                0x0000000008003670                OTG_HS_EP1_OUT_IRQHandler
 .text.OTG_HS_EP1_IN_IRQHandler
                0x000000000800367e        0xe ./STM32-Drivers/HMCAL/Interrupt/InterruptHandlers.o
                0x000000000800367e                OTG_HS_EP1_IN_IRQHandler
 .text.OTG_HS_WKUP_IRQHandler
                0x000000000800368c        0xe ./STM32-Drivers/HMCAL/Interrupt/InterruptHandlers.o
                0x000000000800368c                OTG_HS_WKUP_IRQHandler
 .text.OTG_HS_IRQHandler
                0x000000000800369a        0xe ./STM32-Drivers/HMCAL/Interrupt/InterruptHandlers.o
                0x000000000800369a                OTG_HS_IRQHandler
 .text.DCMI_IRQHandler
                0x00000000080036a8        0xe ./STM32-Drivers/HMCAL/Interrupt/InterruptHandlers.o
                0x00000000080036a8                DCMI_IRQHandler
 .text.CRYP_IRQHandler
                0x00000000080036b6        0xe ./STM32-Drivers/HMCAL/Interrupt/InterruptHandlers.o
                0x00000000080036b6                CRYP_IRQHandler
 .text.HASH_RNG_IRQHandler
                0x00000000080036c4        0xe ./STM32-Drivers/HMCAL/Interrupt/InterruptHandlers.o
                0x00000000080036c4                HASH_RNG_IRQHandler
 .text.FPU_IRQHandler
                0x00000000080036d2        0xe ./STM32-Drivers/HMCAL/Interrupt/InterruptHandlers.o
                0x00000000080036d2                FPU_IRQHandler
 .text.LCD_TFT_IRQHandler
                0x00000000080036e0        0xe ./STM32-Drivers/HMCAL/Interrupt/InterruptHandlers.o
                0x00000000080036e0                LCD_TFT_IRQHandler
 .text.LCD_TFT_1_IRQHandler
                0x00000000080036ee        0xe ./STM32-Drivers/HMCAL/Interrupt/InterruptHandlers.o
                0x00000000080036ee                LCD_TFT_1_IRQHandler
 .text.RCC_InitClock_v
                0x00000000080036fc       0xc8 ./STM32-Drivers/HMCAL/RCC/RCC.o
                0x00000000080036fc                RCC_InitClock_v
 .text.RCC_EnableClock_v
                0x00000000080037c4      0x114 ./STM32-Drivers/HMCAL/RCC/RCC.o
                0x00000000080037c4                RCC_EnableClock_v
 .text.RCC_GetCortexSystemTimerFrequency_f32
                0x00000000080038d8       0x20 ./STM32-Drivers/HMCAL/RCC/RCC.o
                0x00000000080038d8                RCC_GetCortexSystemTimerFrequency_f32
 .text.RCC_GetPeripheralBus_u8
                0x00000000080038f8       0x9c ./STM32-Drivers/HMCAL/RCC/RCC.o
                0x00000000080038f8                RCC_GetPeripheralBus_u8
 .text.RCC_GetRCCGPIOBit_u8
                0x0000000008003994       0x34 ./STM32-Drivers/HMCAL/RCC/RCC.o
                0x0000000008003994                RCC_GetRCCGPIOBit_u8
 .text.RCC_GetRCCCANBit_u8
                0x00000000080039c8       0x28 ./STM32-Drivers/HMCAL/RCC/RCC.o
                0x00000000080039c8                RCC_GetRCCCANBit_u8
 .text.SYSCFG_GetActiveGPIO_u8
                0x00000000080039f0       0x44 ./STM32-Drivers/HMCAL/SYSCFG/SYSCFG.o
                0x00000000080039f0                SYSCFG_GetActiveGPIO_u8
 .text.USART_CheckInterruptAndClear_Bool
                0x0000000008003a34      0x1a0 ./STM32-Drivers/HMCAL/USART/USART.o
                0x0000000008003a34                USART_CheckInterruptAndClear_Bool
 .text.Utils_TimeoutChecker_Init
                0x0000000008003bd4       0x4c ./STM32-Drivers/LIB/utils.o
                0x0000000008003bd4                Utils_TimeoutChecker_Init
 .text.Utils_IsTimeoutOccurred_u8
                0x0000000008003c20       0x3c ./STM32-Drivers/LIB/utils.o
                0x0000000008003c20                Utils_IsTimeoutOccurred_u8
 .text.NVIC_EnableInterrupt_v
                0x0000000008003c5c       0x40 ./STM32-Drivers/LMCAL/NVIC/NVIC.o
                0x0000000008003c5c                NVIC_EnableInterrupt_v
 .text.SCB_EnableFPU_v
                0x0000000008003c9c       0x24 ./STM32-Drivers/LMCAL/SCB/SCB.o
                0x0000000008003c9c                SCB_EnableFPU_v
 .text.SCB_SetVectorTableOffset_void
                0x0000000008003cc0       0x50 ./STM32-Drivers/LMCAL/SCB/SCB.o
                0x0000000008003cc0                SCB_SetVectorTableOffset_void
 .text.SCB_SWReset
                0x0000000008003d10       0x28 ./STM32-Drivers/LMCAL/SCB/SCB.o
                0x0000000008003d10                SCB_SWReset
 .text.SysTick_Handler
                0x0000000008003d38       0x1c ./STM32-Drivers/LMCAL/SYSTICK/SYSTICK.o
                0x0000000008003d38                SysTick_Handler
 .text.SYSTICK_GetPreciseCurrentTicksInMilliSeconds_f32
                0x0000000008003d54       0x60 ./STM32-Drivers/LMCAL/SYSTICK/SYSTICK.o
                0x0000000008003d54                SYSTICK_GetPreciseCurrentTicksInMilliSeconds_f32
 .text.SYSTICK_GetCurrentTicks_u32
                0x0000000008003db4       0x18 ./STM32-Drivers/LMCAL/SYSTICK/SYSTICK.o
                0x0000000008003db4                SYSTICK_GetCurrentTicks_u32
 *fill*         0x0000000008003dcc        0x4 
 .text.SYSTICK_Init_v
                0x0000000008003dd0       0xc0 ./STM32-Drivers/LMCAL/SYSTICK/SYSTICK.o
                0x0000000008003dd0                SYSTICK_Init_v
 .text.SystemInit
                0x0000000008003e90       0x18 ./STM32_Drivers_Configurations/Driver_SystemInitialization.o
                0x0000000008003e90                SystemInit
 .text.main     0x0000000008003ea8       0x20 ./Src/main.o
                0x0000000008003ea8                main
 .text.Reset_Handler
                0x0000000008003ec8       0x50 ./Startup/startup_stm32f407vgtx.o
                0x0000000008003ec8                Reset_Handler
 .text.__libc_init_array
                0x0000000008003f18       0x48 /opt/st/stm32cubeide_1.12.1/plugins/com.st.stm32cube.ide.mcu.externaltools.gnu-tools-for-stm32.10.3-2021.10.linux64_1.0.200.202301161003/tools/bin/../lib/gcc/arm-none-eabi/10.3.1/../../../../arm-none-eabi/lib/thumb/v7e-m+fp/hard/libc_nano.a(lib_a-init.o)
                0x0000000008003f18                __libc_init_array
 .text.memset   0x0000000008003f60       0x10 /opt/st/stm32cubeide_1.12.1/plugins/com.st.stm32cube.ide.mcu.externaltools.gnu-tools-for-stm32.10.3-2021.10.linux64_1.0.200.202301161003/tools/bin/../lib/gcc/arm-none-eabi/10.3.1/../../../../arm-none-eabi/lib/thumb/v7e-m+fp/hard/libc_nano.a(lib_a-memset.o)
                0x0000000008003f60                memset
 *(.glue_7)
 .glue_7        0x0000000008003f70        0x0 linker stubs
 *(.glue_7t)
 .glue_7t       0x0000000008003f70        0x0 linker stubs
 *(.eh_frame)
 .eh_frame      0x0000000008003f70        0x0 /opt/st/stm32cubeide_1.12.1/plugins/com.st.stm32cube.ide.mcu.externaltools.gnu-tools-for-stm32.10.3-2021.10.linux64_1.0.200.202301161003/tools/bin/../lib/gcc/arm-none-eabi/10.3.1/thumb/v7e-m+fp/hard/crtbegin.o
 *(.init)
 .init          0x0000000008003f70        0x4 /opt/st/stm32cubeide_1.12.1/plugins/com.st.stm32cube.ide.mcu.externaltools.gnu-tools-for-stm32.10.3-2021.10.linux64_1.0.200.202301161003/tools/bin/../lib/gcc/arm-none-eabi/10.3.1/thumb/v7e-m+fp/hard/crti.o
                0x0000000008003f70                _init
 .init          0x0000000008003f74        0x8 /opt/st/stm32cubeide_1.12.1/plugins/com.st.stm32cube.ide.mcu.externaltools.gnu-tools-for-stm32.10.3-2021.10.linux64_1.0.200.202301161003/tools/bin/../lib/gcc/arm-none-eabi/10.3.1/thumb/v7e-m+fp/hard/crtn.o
 *(.fini)
 .fini          0x0000000008003f7c        0x4 /opt/st/stm32cubeide_1.12.1/plugins/com.st.stm32cube.ide.mcu.externaltools.gnu-tools-for-stm32.10.3-2021.10.linux64_1.0.200.202301161003/tools/bin/../lib/gcc/arm-none-eabi/10.3.1/thumb/v7e-m+fp/hard/crti.o
                0x0000000008003f7c                _fini
 .fini          0x0000000008003f80        0x8 /opt/st/stm32cubeide_1.12.1/plugins/com.st.stm32cube.ide.mcu.externaltools.gnu-tools-for-stm32.10.3-2021.10.linux64_1.0.200.202301161003/tools/bin/../lib/gcc/arm-none-eabi/10.3.1/thumb/v7e-m+fp/hard/crtn.o
                0x0000000008003f88                . = ALIGN (0x4)
                0x0000000008003f88                _etext = .

.vfp11_veneer   0x0000000008003f88        0x0
 .vfp11_veneer  0x0000000008003f88        0x0 linker stubs

.v4_bx          0x0000000008003f88        0x0
 .v4_bx         0x0000000008003f88        0x0 linker stubs

.iplt           0x0000000008003f88        0x0
 .iplt          0x0000000008003f88        0x0 /opt/st/stm32cubeide_1.12.1/plugins/com.st.stm32cube.ide.mcu.externaltools.gnu-tools-for-stm32.10.3-2021.10.linux64_1.0.200.202301161003/tools/bin/../lib/gcc/arm-none-eabi/10.3.1/thumb/v7e-m+fp/hard/crtbegin.o

.rodata         0x0000000008003f88       0x6c
                0x0000000008003f88                . = ALIGN (0x4)
 *(.rodata)
 .rodata        0x0000000008003f88        0x8 ./STM32-Drivers/HMCAL/CAN/CAN.o
 .rodata        0x0000000008003f90       0x27 ./STM32-Drivers/HMCAL/RCC/RCC.o
 *(.rodata*)
 *fill*         0x0000000008003fb7        0x1 
 .rodata.GCS_CAN_InstanceIdMapping_u32
                0x0000000008003fb8        0x8 ./STM32-Drivers/HMCAL/CAN/CAN.o
 .rodata.GCS_DMA_InstanceIdMapping_u32
                0x0000000008003fc0        0x8 ./STM32-Drivers/HMCAL/DMA/DMA.o
 .rodata.GCS_GPIO_InstanceIdMapping_u32
                0x0000000008003fc8       0x2c ./STM32-Drivers/HMCAL/GPIO/GPIO.o
                0x0000000008003ff4                . = ALIGN (0x4)

.rel.dyn        0x0000000008003ff4        0x0
 .rel.iplt      0x0000000008003ff4        0x0 /opt/st/stm32cubeide_1.12.1/plugins/com.st.stm32cube.ide.mcu.externaltools.gnu-tools-for-stm32.10.3-2021.10.linux64_1.0.200.202301161003/tools/bin/../lib/gcc/arm-none-eabi/10.3.1/thumb/v7e-m+fp/hard/crtbegin.o

.ARM.extab      0x0000000008003ff4        0x0
                0x0000000008003ff4                . = ALIGN (0x4)
 *(.ARM.extab* .gnu.linkonce.armextab.*)
                0x0000000008003ff4                . = ALIGN (0x4)

.ARM            0x0000000008003ff4        0x0
                0x0000000008003ff4                . = ALIGN (0x4)
                0x0000000008003ff4                __exidx_start = .
 *(.ARM.exidx*)
                0x0000000008003ff4                __exidx_end = .
                0x0000000008003ff4                . = ALIGN (0x4)

.preinit_array  0x0000000008003ff4        0x0
                0x0000000008003ff4                . = ALIGN (0x4)
                0x0000000008003ff4                PROVIDE (__preinit_array_start = .)
 *(.preinit_array*)
                0x0000000008003ff4                PROVIDE (__preinit_array_end = .)
                0x0000000008003ff4                . = ALIGN (0x4)

.init_array     0x0000000008003ff4        0x4
                0x0000000008003ff4                . = ALIGN (0x4)
                0x0000000008003ff4                PROVIDE (__init_array_start = .)
 *(SORT_BY_NAME(.init_array.*))
 *(.init_array*)
 .init_array    0x0000000008003ff4        0x4 /opt/st/stm32cubeide_1.12.1/plugins/com.st.stm32cube.ide.mcu.externaltools.gnu-tools-for-stm32.10.3-2021.10.linux64_1.0.200.202301161003/tools/bin/../lib/gcc/arm-none-eabi/10.3.1/thumb/v7e-m+fp/hard/crtbegin.o
                0x0000000008003ff8                PROVIDE (__init_array_end = .)
                0x0000000008003ff8                . = ALIGN (0x4)

.fini_array     0x0000000008003ff8        0x4
                0x0000000008003ff8                . = ALIGN (0x4)
                [!provide]                        PROVIDE (__fini_array_start = .)
 *(SORT_BY_NAME(.fini_array.*))
 *(.fini_array*)
 .fini_array    0x0000000008003ff8        0x4 /opt/st/stm32cubeide_1.12.1/plugins/com.st.stm32cube.ide.mcu.externaltools.gnu-tools-for-stm32.10.3-2021.10.linux64_1.0.200.202301161003/tools/bin/../lib/gcc/arm-none-eabi/10.3.1/thumb/v7e-m+fp/hard/crtbegin.o
                [!provide]                        PROVIDE (__fini_array_end = .)
                0x0000000008003ffc                . = ALIGN (0x4)
                0x0000000008003ffc                _sidata = LOADADDR (.data)

.data           0x0000000020000000       0x18 load address 0x0000000008003ffc
                0x0000000020000000                . = ALIGN (0x4)
                0x0000000020000000                _sdata = .
 *(.data)
 *(.data*)
 .data.GCS_USART_InstanceIdMapping_u32
                0x0000000020000000       0x18 ./STM32-Drivers/HMCAL/USART/USART.o
 *(.RamFunc)
 *(.RamFunc*)
                0x0000000020000018                . = ALIGN (0x4)
                0x0000000020000018                _edata = .
                0x0000000008004014                _siccmram = LOADADDR (.ccmram)

.igot.plt       0x0000000020000018        0x0 load address 0x0000000008004014
 .igot.plt      0x0000000020000018        0x0 /opt/st/stm32cubeide_1.12.1/plugins/com.st.stm32cube.ide.mcu.externaltools.gnu-tools-for-stm32.10.3-2021.10.linux64_1.0.200.202301161003/tools/bin/../lib/gcc/arm-none-eabi/10.3.1/thumb/v7e-m+fp/hard/crtbegin.o

.ccmram         0x0000000010000000        0x0 load address 0x0000000008004014
                0x0000000010000000                . = ALIGN (0x4)
                0x0000000010000000                _sccmram = .
 *(.ccmram)
 *(.ccmram*)
                0x0000000010000000                . = ALIGN (0x4)
                0x0000000010000000                _eccmram = .
                0x0000000010000000                . = ALIGN (0x4)

.bss            0x0000000020000018      0x4d4
                0x0000000020000018                _sbss = .
                0x0000000020000018                __bss_start__ = _sbss
 *(.bss)
 .bss           0x0000000020000018       0x1c /opt/st/stm32cubeide_1.12.1/plugins/com.st.stm32cube.ide.mcu.externaltools.gnu-tools-for-stm32.10.3-2021.10.linux64_1.0.200.202301161003/tools/bin/../lib/gcc/arm-none-eabi/10.3.1/thumb/v7e-m+fp/hard/crtbegin.o
 *(.bss*)
 .bss.G_Communication_CAN_Cfg
                0x0000000020000034       0x10 ./STM32-Custom-Bootloader/src/CustomBootloader.o
 .bss.G_TransmitMessage_CAN_TxData
                0x0000000020000044        0xc ./STM32-Custom-Bootloader/src/CustomBootloader.o
 .bss.G_ReceiveMessage_CAN_RxData
                0x0000000020000050       0x10 ./STM32-Custom-Bootloader/src/CustomBootloader.o
 .bss.UITxSerialDataFrame
                0x0000000020000060       0x10 ./STM32-Custom-Bootloader/src/CustomBootloader.o
                0x0000000020000060                UITxSerialDataFrame
 .bss.GS_EXTI_CallBacks_pF
                0x0000000020000070      0x200 ./STM32-Drivers/HMCAL/Interrupt/InterruptHandlers.o
 .bss.GS_DMA_CallBacks_pF
                0x0000000020000270      0x188 ./STM32-Drivers/HMCAL/Interrupt/InterruptHandlers.o
 .bss.GS_USART_CallBacks_pF
                0x00000000200003f8       0xf0 ./STM32-Drivers/HMCAL/Interrupt/InterruptHandlers.o
 .bss.StaticGlobal_Ticks_u32
                0x00000000200004e8        0x4 ./STM32-Drivers/LMCAL/SYSTICK/SYSTICK.o
 *(COMMON)
                0x00000000200004ec                . = ALIGN (0x4)
                0x00000000200004ec                _ebss = .
                0x00000000200004ec                __bss_end__ = _ebss

._user_heap_stack
                0x00000000200004ec      0x604
                0x00000000200004f0                . = ALIGN (0x8)
 *fill*         0x00000000200004ec        0x4 
                [!provide]                        PROVIDE (end = .)
                0x00000000200004f0                PROVIDE (_end = .)
                0x00000000200006f0                . = (. + _Min_Heap_Size)
 *fill*         0x00000000200004f0      0x200 
                0x0000000020000af0                . = (. + _Min_Stack_Size)
 *fill*         0x00000000200006f0      0x400 
                0x0000000020000af0                . = ALIGN (0x8)

/DISCARD/
 libc.a(*)
 libm.a(*)
 libgcc.a(*)

.ARM.attributes
                0x0000000000000000       0x30
 *(.ARM.attributes)
 .ARM.attributes
                0x0000000000000000       0x1e /opt/st/stm32cubeide_1.12.1/plugins/com.st.stm32cube.ide.mcu.externaltools.gnu-tools-for-stm32.10.3-2021.10.linux64_1.0.200.202301161003/tools/bin/../lib/gcc/arm-none-eabi/10.3.1/thumb/v7e-m+fp/hard/crti.o
 .ARM.attributes
                0x000000000000001e       0x34 /opt/st/stm32cubeide_1.12.1/plugins/com.st.stm32cube.ide.mcu.externaltools.gnu-tools-for-stm32.10.3-2021.10.linux64_1.0.200.202301161003/tools/bin/../lib/gcc/arm-none-eabi/10.3.1/thumb/v7e-m+fp/hard/crtbegin.o
 .ARM.attributes
                0x0000000000000052       0x34 ./STM32-Custom-Bootloader/src/CustomBootloader.o
 .ARM.attributes
                0x0000000000000086       0x34 ./STM32-Drivers/HMCAL/CAN/CAN.o
 .ARM.attributes
                0x00000000000000ba       0x34 ./STM32-Drivers/HMCAL/DMA/DMA.o
 .ARM.attributes
                0x00000000000000ee       0x34 ./STM32-Drivers/HMCAL/EXTI/EXTI.o
 .ARM.attributes
                0x0000000000000122       0x34 ./STM32-Drivers/HMCAL/FMI/FMI.o
 .ARM.attributes
                0x0000000000000156       0x34 ./STM32-Drivers/HMCAL/GPIO/GPIO.o
 .ARM.attributes
                0x000000000000018a       0x34 ./STM32-Drivers/HMCAL/Interrupt/InterruptHandlers.o
 .ARM.attributes
                0x00000000000001be       0x34 ./STM32-Drivers/HMCAL/RCC/RCC.o
 .ARM.attributes
                0x00000000000001f2       0x34 ./STM32-Drivers/HMCAL/SYSCFG/SYSCFG.o
 .ARM.attributes
                0x0000000000000226       0x34 ./STM32-Drivers/HMCAL/USART/USART.o
 .ARM.attributes
                0x000000000000025a       0x34 ./STM32-Drivers/LIB/utils.o
 .ARM.attributes
                0x000000000000028e       0x34 ./STM32-Drivers/LMCAL/NVIC/NVIC.o
 .ARM.attributes
                0x00000000000002c2       0x34 ./STM32-Drivers/LMCAL/SCB/SCB.o
 .ARM.attributes
                0x00000000000002f6       0x34 ./STM32-Drivers/LMCAL/SYSTICK/SYSTICK.o
 .ARM.attributes
                0x000000000000032a       0x34 ./STM32_Drivers_Configurations/Driver_SystemInitialization.o
 .ARM.attributes
                0x000000000000035e       0x34 ./Src/main.o
 .ARM.attributes
                0x0000000000000392       0x21 ./Startup/startup_stm32f407vgtx.o
 .ARM.attributes
                0x00000000000003b3       0x34 /opt/st/stm32cubeide_1.12.1/plugins/com.st.stm32cube.ide.mcu.externaltools.gnu-tools-for-stm32.10.3-2021.10.linux64_1.0.200.202301161003/tools/bin/../lib/gcc/arm-none-eabi/10.3.1/../../../../arm-none-eabi/lib/thumb/v7e-m+fp/hard/libc_nano.a(lib_a-init.o)
 .ARM.attributes
                0x00000000000003e7       0x34 /opt/st/stm32cubeide_1.12.1/plugins/com.st.stm32cube.ide.mcu.externaltools.gnu-tools-for-stm32.10.3-2021.10.linux64_1.0.200.202301161003/tools/bin/../lib/gcc/arm-none-eabi/10.3.1/../../../../arm-none-eabi/lib/thumb/v7e-m+fp/hard/libc_nano.a(lib_a-memset.o)
 .ARM.attributes
                0x000000000000041b       0x1e /opt/st/stm32cubeide_1.12.1/plugins/com.st.stm32cube.ide.mcu.externaltools.gnu-tools-for-stm32.10.3-2021.10.linux64_1.0.200.202301161003/tools/bin/../lib/gcc/arm-none-eabi/10.3.1/thumb/v7e-m+fp/hard/libgcc.a(_arm_addsubdf3.o)
 .ARM.attributes
                0x0000000000000439       0x1e /opt/st/stm32cubeide_1.12.1/plugins/com.st.stm32cube.ide.mcu.externaltools.gnu-tools-for-stm32.10.3-2021.10.linux64_1.0.200.202301161003/tools/bin/../lib/gcc/arm-none-eabi/10.3.1/thumb/v7e-m+fp/hard/libgcc.a(_arm_muldivdf3.o)
 .ARM.attributes
                0x0000000000000457       0x1e /opt/st/stm32cubeide_1.12.1/plugins/com.st.stm32cube.ide.mcu.externaltools.gnu-tools-for-stm32.10.3-2021.10.linux64_1.0.200.202301161003/tools/bin/../lib/gcc/arm-none-eabi/10.3.1/thumb/v7e-m+fp/hard/libgcc.a(_arm_cmpdf2.o)
 .ARM.attributes
                0x0000000000000475       0x1e /opt/st/stm32cubeide_1.12.1/plugins/com.st.stm32cube.ide.mcu.externaltools.gnu-tools-for-stm32.10.3-2021.10.linux64_1.0.200.202301161003/tools/bin/../lib/gcc/arm-none-eabi/10.3.1/thumb/v7e-m+fp/hard/libgcc.a(_arm_fixunsdfsi.o)
 .ARM.attributes
                0x0000000000000493       0x1e /opt/st/stm32cubeide_1.12.1/plugins/com.st.stm32cube.ide.mcu.externaltools.gnu-tools-for-stm32.10.3-2021.10.linux64_1.0.200.202301161003/tools/bin/../lib/gcc/arm-none-eabi/10.3.1/thumb/v7e-m+fp/hard/crtn.o
OUTPUT(STM32-Custom-Bootloader.elf elf32-littlearm)
LOAD linker stubs
LOAD /opt/st/stm32cubeide_1.12.1/plugins/com.st.stm32cube.ide.mcu.externaltools.gnu-tools-for-stm32.10.3-2021.10.linux64_1.0.200.202301161003/tools/bin/../lib/gcc/arm-none-eabi/10.3.1/../../../../arm-none-eabi/lib/thumb/v7e-m+fp/hard/libc.a
LOAD /opt/st/stm32cubeide_1.12.1/plugins/com.st.stm32cube.ide.mcu.externaltools.gnu-tools-for-stm32.10.3-2021.10.linux64_1.0.200.202301161003/tools/bin/../lib/gcc/arm-none-eabi/10.3.1/../../../../arm-none-eabi/lib/thumb/v7e-m+fp/hard/libm.a
LOAD /opt/st/stm32cubeide_1.12.1/plugins/com.st.stm32cube.ide.mcu.externaltools.gnu-tools-for-stm32.10.3-2021.10.linux64_1.0.200.202301161003/tools/bin/../lib/gcc/arm-none-eabi/10.3.1/thumb/v7e-m+fp/hard/libgcc.a

.debug_info     0x0000000000000000     0x585f
 .debug_info    0x0000000000000000      0xa41 ./STM32-Custom-Bootloader/src/CustomBootloader.o
 .debug_info    0x0000000000000a41      0xc9a ./STM32-Drivers/HMCAL/CAN/CAN.o
 .debug_info    0x00000000000016db      0x5fe ./STM32-Drivers/HMCAL/DMA/DMA.o
 .debug_info    0x0000000000001cd9      0x329 ./STM32-Drivers/HMCAL/EXTI/EXTI.o
 .debug_info    0x0000000000002002      0x1fc ./STM32-Drivers/HMCAL/FMI/FMI.o
 .debug_info    0x00000000000021fe      0x53d ./STM32-Drivers/HMCAL/GPIO/GPIO.o
 .debug_info    0x000000000000273b      0xe44 ./STM32-Drivers/HMCAL/Interrupt/InterruptHandlers.o
 .debug_info    0x000000000000357f      0x7c7 ./STM32-Drivers/HMCAL/RCC/RCC.o
 .debug_info    0x0000000000003d46      0x1d5 ./STM32-Drivers/HMCAL/SYSCFG/SYSCFG.o
 .debug_info    0x0000000000003f1b      0xf5a ./STM32-Drivers/HMCAL/USART/USART.o
 .debug_info    0x0000000000004e75      0x162 ./STM32-Drivers/LIB/utils.o
 .debug_info    0x0000000000004fd7      0x2fc ./STM32-Drivers/LMCAL/NVIC/NVIC.o
 .debug_info    0x00000000000052d3      0x263 ./STM32-Drivers/LMCAL/SCB/SCB.o
 .debug_info    0x0000000000005536      0x14d ./STM32-Drivers/LMCAL/SYSTICK/SYSTICK.o
 .debug_info    0x0000000000005683       0xda ./STM32_Drivers_Configurations/Driver_SystemInitialization.o
 .debug_info    0x000000000000575d       0xe0 ./Src/main.o
 .debug_info    0x000000000000583d       0x22 ./Startup/startup_stm32f407vgtx.o

.debug_abbrev   0x0000000000000000     0x17b7
 .debug_abbrev  0x0000000000000000      0x2b7 ./STM32-Custom-Bootloader/src/CustomBootloader.o
 .debug_abbrev  0x00000000000002b7      0x2b4 ./STM32-Drivers/HMCAL/CAN/CAN.o
 .debug_abbrev  0x000000000000056b      0x1ee ./STM32-Drivers/HMCAL/DMA/DMA.o
 .debug_abbrev  0x0000000000000759      0x16b ./STM32-Drivers/HMCAL/EXTI/EXTI.o
 .debug_abbrev  0x00000000000008c4      0x105 ./STM32-Drivers/HMCAL/FMI/FMI.o
 .debug_abbrev  0x00000000000009c9      0x1ea ./STM32-Drivers/HMCAL/GPIO/GPIO.o
 .debug_abbrev  0x0000000000000bb3      0x1b8 ./STM32-Drivers/HMCAL/Interrupt/InterruptHandlers.o
 .debug_abbrev  0x0000000000000d6b      0x16e ./STM32-Drivers/HMCAL/RCC/RCC.o
 .debug_abbrev  0x0000000000000ed9      0x11e ./STM32-Drivers/HMCAL/SYSCFG/SYSCFG.o
 .debug_abbrev  0x0000000000000ff7      0x258 ./STM32-Drivers/HMCAL/USART/USART.o
 .debug_abbrev  0x000000000000124f      0x112 ./STM32-Drivers/LIB/utils.o
 .debug_abbrev  0x0000000000001361      0x109 ./STM32-Drivers/LMCAL/NVIC/NVIC.o
 .debug_abbrev  0x000000000000146a      0x101 ./STM32-Drivers/LMCAL/SCB/SCB.o
 .debug_abbrev  0x000000000000156b      0x105 ./STM32-Drivers/LMCAL/SYSTICK/SYSTICK.o
 .debug_abbrev  0x0000000000001670       0x88 ./STM32_Drivers_Configurations/Driver_SystemInitialization.o
 .debug_abbrev  0x00000000000016f8       0xad ./Src/main.o
 .debug_abbrev  0x00000000000017a5       0x12 ./Startup/startup_stm32f407vgtx.o

.debug_aranges  0x0000000000000000      0x868
 .debug_aranges
                0x0000000000000000       0x98 ./STM32-Custom-Bootloader/src/CustomBootloader.o
 .debug_aranges
                0x0000000000000098       0x50 ./STM32-Drivers/HMCAL/CAN/CAN.o
 .debug_aranges
                0x00000000000000e8       0x58 ./STM32-Drivers/HMCAL/DMA/DMA.o
 .debug_aranges
                0x0000000000000140       0x30 ./STM32-Drivers/HMCAL/EXTI/EXTI.o
 .debug_aranges
                0x0000000000000170       0x38 ./STM32-Drivers/HMCAL/FMI/FMI.o
 .debug_aranges
                0x00000000000001a8       0x60 ./STM32-Drivers/HMCAL/GPIO/GPIO.o
 .debug_aranges
                0x0000000000000208      0x310 ./STM32-Drivers/HMCAL/Interrupt/InterruptHandlers.o
 .debug_aranges
                0x0000000000000518       0xd8 ./STM32-Drivers/HMCAL/RCC/RCC.o
 .debug_aranges
                0x00000000000005f0       0x28 ./STM32-Drivers/HMCAL/SYSCFG/SYSCFG.o
 .debug_aranges
                0x0000000000000618       0xd0 ./STM32-Drivers/HMCAL/USART/USART.o
 .debug_aranges
                0x00000000000006e8       0x30 ./STM32-Drivers/LIB/utils.o
 .debug_aranges
                0x0000000000000718       0x58 ./STM32-Drivers/LMCAL/NVIC/NVIC.o
 .debug_aranges
                0x0000000000000770       0x58 ./STM32-Drivers/LMCAL/SCB/SCB.o
 .debug_aranges
                0x00000000000007c8       0x38 ./STM32-Drivers/LMCAL/SYSTICK/SYSTICK.o
 .debug_aranges
                0x0000000000000800       0x20 ./STM32_Drivers_Configurations/Driver_SystemInitialization.o
 .debug_aranges
                0x0000000000000820       0x20 ./Src/main.o
 .debug_aranges
                0x0000000000000840       0x28 ./Startup/startup_stm32f407vgtx.o

.debug_ranges   0x0000000000000000      0x790
 .debug_ranges  0x0000000000000000       0xa0 ./STM32-Custom-Bootloader/src/CustomBootloader.o
 .debug_ranges  0x00000000000000a0       0x58 ./STM32-Drivers/HMCAL/CAN/CAN.o
 .debug_ranges  0x00000000000000f8       0x48 ./STM32-Drivers/HMCAL/DMA/DMA.o
 .debug_ranges  0x0000000000000140       0x20 ./STM32-Drivers/HMCAL/EXTI/EXTI.o
 .debug_ranges  0x0000000000000160       0x28 ./STM32-Drivers/HMCAL/FMI/FMI.o
 .debug_ranges  0x0000000000000188       0x50 ./STM32-Drivers/HMCAL/GPIO/GPIO.o
 .debug_ranges  0x00000000000001d8      0x300 ./STM32-Drivers/HMCAL/Interrupt/InterruptHandlers.o
 .debug_ranges  0x00000000000004d8       0xc8 ./STM32-Drivers/HMCAL/RCC/RCC.o
 .debug_ranges  0x00000000000005a0       0x18 ./STM32-Drivers/HMCAL/SYSCFG/SYSCFG.o
 .debug_ranges  0x00000000000005b8       0xc0 ./STM32-Drivers/HMCAL/USART/USART.o
 .debug_ranges  0x0000000000000678       0x20 ./STM32-Drivers/LIB/utils.o
 .debug_ranges  0x0000000000000698       0x48 ./STM32-Drivers/LMCAL/NVIC/NVIC.o
 .debug_ranges  0x00000000000006e0       0x48 ./STM32-Drivers/LMCAL/SCB/SCB.o
 .debug_ranges  0x0000000000000728       0x28 ./STM32-Drivers/LMCAL/SYSTICK/SYSTICK.o
 .debug_ranges  0x0000000000000750       0x10 ./STM32_Drivers_Configurations/Driver_SystemInitialization.o
 .debug_ranges  0x0000000000000760       0x10 ./Src/main.o
 .debug_ranges  0x0000000000000770       0x20 ./Startup/startup_stm32f407vgtx.o

.debug_macro    0x0000000000000000     0x5e7f
 .debug_macro   0x0000000000000000       0xdc ./STM32-Custom-Bootloader/src/CustomBootloader.o
 .debug_macro   0x00000000000000dc      0xa7e ./STM32-Custom-Bootloader/src/CustomBootloader.o
 .debug_macro   0x0000000000000b5a       0xe8 ./STM32-Custom-Bootloader/src/CustomBootloader.o
 .debug_macro   0x0000000000000c42       0x1c ./STM32-Custom-Bootloader/src/CustomBootloader.o
 .debug_macro   0x0000000000000c5e       0x3a ./STM32-Custom-Bootloader/src/CustomBootloader.o
 .debug_macro   0x0000000000000c98       0x10 ./STM32-Custom-Bootloader/src/CustomBootloader.o
 .debug_macro   0x0000000000000ca8       0x22 ./STM32-Custom-Bootloader/src/CustomBootloader.o
 .debug_macro   0x0000000000000cca      0x1a2 ./STM32-Custom-Bootloader/src/CustomBootloader.o
 .debug_macro   0x0000000000000e6c       0x10 ./STM32-Custom-Bootloader/src/CustomBootloader.o
 .debug_macro   0x0000000000000e7c       0x28 ./STM32-Custom-Bootloader/src/CustomBootloader.o
 .debug_macro   0x0000000000000ea4      0x43a ./STM32-Custom-Bootloader/src/CustomBootloader.o
 .debug_macro   0x00000000000012de      0x140 ./STM32-Custom-Bootloader/src/CustomBootloader.o
 .debug_macro   0x000000000000141e       0x40 ./STM32-Custom-Bootloader/src/CustomBootloader.o
 .debug_macro   0x000000000000145e      0x150 ./STM32-Custom-Bootloader/src/CustomBootloader.o
 .debug_macro   0x00000000000015ae       0xee ./STM32-Custom-Bootloader/src/CustomBootloader.o
 .debug_macro   0x000000000000169c       0xbc ./STM32-Drivers/HMCAL/CAN/CAN.o
 .debug_macro   0x0000000000001758       0x6d ./STM32-Drivers/HMCAL/CAN/CAN.o
 .debug_macro   0x00000000000017c5     0x210f ./STM32-Drivers/HMCAL/CAN/CAN.o
 .debug_macro   0x00000000000038d4       0x7f ./STM32-Drivers/HMCAL/DMA/DMA.o
 .debug_macro   0x0000000000003953      0x434 ./STM32-Drivers/HMCAL/DMA/DMA.o
 .debug_macro   0x0000000000003d87      0x2c0 ./STM32-Drivers/HMCAL/DMA/DMA.o
 .debug_macro   0x0000000000004047       0x52 ./STM32-Drivers/HMCAL/DMA/DMA.o
 .debug_macro   0x0000000000004099      0x102 ./STM32-Drivers/HMCAL/EXTI/EXTI.o
 .debug_macro   0x000000000000419b      0x19c ./STM32-Drivers/HMCAL/EXTI/EXTI.o
 .debug_macro   0x0000000000004337       0x3a ./STM32-Drivers/HMCAL/EXTI/EXTI.o
 .debug_macro   0x0000000000004371      0x367 ./STM32-Drivers/HMCAL/EXTI/EXTI.o
 .debug_macro   0x00000000000046d8       0x22 ./STM32-Drivers/HMCAL/EXTI/EXTI.o
 .debug_macro   0x00000000000046fa       0x34 ./STM32-Drivers/HMCAL/EXTI/EXTI.o
 .debug_macro   0x000000000000472e       0x3a ./STM32-Drivers/HMCAL/EXTI/EXTI.o
 .debug_macro   0x0000000000004768       0x55 ./STM32-Drivers/HMCAL/FMI/FMI.o
 .debug_macro   0x00000000000047bd      0x154 ./STM32-Drivers/HMCAL/FMI/FMI.o
 .debug_macro   0x0000000000004911       0x46 ./STM32-Drivers/HMCAL/FMI/FMI.o
 .debug_macro   0x0000000000004957       0x5a ./STM32-Drivers/HMCAL/GPIO/GPIO.o
 .debug_macro   0x00000000000049b1      0x14a ./STM32-Drivers/HMCAL/GPIO/GPIO.o
 .debug_macro   0x0000000000004afb       0x88 ./STM32-Drivers/HMCAL/GPIO/GPIO.o
 .debug_macro   0x0000000000004b83      0x10b ./STM32-Drivers/HMCAL/Interrupt/InterruptHandlers.o
 .debug_macro   0x0000000000004c8e       0xc8 ./STM32-Drivers/HMCAL/RCC/RCC.o
 .debug_macro   0x0000000000004d56      0x86c ./STM32-Drivers/HMCAL/RCC/RCC.o
 .debug_macro   0x00000000000055c2       0x52 ./STM32-Drivers/HMCAL/RCC/RCC.o
 .debug_macro   0x0000000000005614      0x16d ./STM32-Drivers/HMCAL/RCC/RCC.o
 .debug_macro   0x0000000000005781      0x1c8 ./STM32-Drivers/HMCAL/RCC/RCC.o
 .debug_macro   0x0000000000005949       0xd8 ./STM32-Drivers/HMCAL/SYSCFG/SYSCFG.o
 .debug_macro   0x0000000000005a21       0xbc ./STM32-Drivers/HMCAL/USART/USART.o
 .debug_macro   0x0000000000005add       0x58 ./STM32-Drivers/HMCAL/USART/USART.o
 .debug_macro   0x0000000000005b35       0x8d ./STM32-Drivers/LIB/utils.o
 .debug_macro   0x0000000000005bc2       0x22 ./STM32-Drivers/LIB/utils.o
 .debug_macro   0x0000000000005be4       0x53 ./STM32-Drivers/LMCAL/NVIC/NVIC.o
 .debug_macro   0x0000000000005c37       0x55 ./STM32-Drivers/LMCAL/SCB/SCB.o
 .debug_macro   0x0000000000005c8c       0x61 ./STM32-Drivers/LMCAL/SYSTICK/SYSTICK.o
 .debug_macro   0x0000000000005ced       0xff ./STM32_Drivers_Configurations/Driver_SystemInitialization.o
 .debug_macro   0x0000000000005dec       0x93 ./Src/main.o

.debug_line     0x0000000000000000     0x6295
 .debug_line    0x0000000000000000      0x8a8 ./STM32-Custom-Bootloader/src/CustomBootloader.o
 .debug_line    0x00000000000008a8      0xa40 ./STM32-Drivers/HMCAL/CAN/CAN.o
 .debug_line    0x00000000000012e8      0x52d ./STM32-Drivers/HMCAL/DMA/DMA.o
 .debug_line    0x0000000000001815      0x636 ./STM32-Drivers/HMCAL/EXTI/EXTI.o
 .debug_line    0x0000000000001e4b      0x253 ./STM32-Drivers/HMCAL/FMI/FMI.o
 .debug_line    0x000000000000209e      0x5d7 ./STM32-Drivers/HMCAL/GPIO/GPIO.o
 .debug_line    0x0000000000002675     0x12b5 ./STM32-Drivers/HMCAL/Interrupt/InterruptHandlers.o
 .debug_line    0x000000000000392a      0x5c2 ./STM32-Drivers/HMCAL/RCC/RCC.o
 .debug_line    0x0000000000003eec      0x4d1 ./STM32-Drivers/HMCAL/SYSCFG/SYSCFG.o
 .debug_line    0x00000000000043bd      0xb43 ./STM32-Drivers/HMCAL/USART/USART.o
 .debug_line    0x0000000000004f00      0x345 ./STM32-Drivers/LIB/utils.o
 .debug_line    0x0000000000005245      0x20b ./STM32-Drivers/LMCAL/NVIC/NVIC.o
 .debug_line    0x0000000000005450      0x24b ./STM32-Drivers/LMCAL/SCB/SCB.o
 .debug_line    0x000000000000569b      0x282 ./STM32-Drivers/LMCAL/SYSTICK/SYSTICK.o
 .debug_line    0x000000000000591d      0x5a6 ./STM32_Drivers_Configurations/Driver_SystemInitialization.o
 .debug_line    0x0000000000005ec3      0x34e ./Src/main.o
 .debug_line    0x0000000000006211       0x84 ./Startup/startup_stm32f407vgtx.o

.debug_str      0x0000000000000000    0x16930
 .debug_str     0x0000000000000000     0x6338 ./STM32-Custom-Bootloader/src/CustomBootloader.o
                                       0x6434 (size before relaxing)
 .debug_str     0x0000000000006338     0x5ddd ./STM32-Drivers/HMCAL/CAN/CAN.o
                                       0x9fe0 (size before relaxing)
 .debug_str     0x000000000000c115      0xc6e ./STM32-Drivers/HMCAL/DMA/DMA.o
                                       0x5af6 (size before relaxing)
 .debug_str     0x000000000000cd83     0x3f91 ./STM32-Drivers/HMCAL/EXTI/EXTI.o
                                       0x7f39 (size before relaxing)
 .debug_str     0x0000000000010d14      0x658 ./STM32-Drivers/HMCAL/FMI/FMI.o
                                       0x3770 (size before relaxing)
 .debug_str     0x000000000001136c      0x48b ./STM32-Drivers/HMCAL/GPIO/GPIO.o
                                       0x3cf1 (size before relaxing)
 .debug_str     0x00000000000117f7      0xd5e ./STM32-Drivers/HMCAL/Interrupt/InterruptHandlers.o
                                       0x8dcd (size before relaxing)
 .debug_str     0x0000000000012555     0x37e1 ./STM32-Drivers/HMCAL/RCC/RCC.o
                                       0x6c43 (size before relaxing)
 .debug_str     0x0000000000015d36       0x84 ./STM32-Drivers/HMCAL/SYSCFG/SYSCFG.o
                                       0x6f97 (size before relaxing)
 .debug_str     0x0000000000015dba      0x6f0 ./STM32-Drivers/HMCAL/USART/USART.o
                                       0x565a (size before relaxing)
 .debug_str     0x00000000000164aa       0x9b ./STM32-Drivers/LIB/utils.o
                                       0x3885 (size before relaxing)
 .debug_str     0x0000000000016545      0x15c ./STM32-Drivers/LMCAL/NVIC/NVIC.o
                                       0x384a (size before relaxing)
 .debug_str     0x00000000000166a1      0x160 ./STM32-Drivers/LMCAL/SCB/SCB.o
                                       0x33c6 (size before relaxing)
 .debug_str     0x0000000000016801       0xa2 ./STM32-Drivers/LMCAL/SYSTICK/SYSTICK.o
                                       0x36dd (size before relaxing)
 .debug_str     0x00000000000168a3       0x49 ./STM32_Drivers_Configurations/Driver_SystemInitialization.o
                                       0x6ee4 (size before relaxing)
 .debug_str     0x00000000000168ec       0x13 ./Src/main.o
                                       0x4f26 (size before relaxing)
 .debug_str     0x00000000000168ff       0x31 ./Startup/startup_stm32f407vgtx.o
                                         0x82 (size before relaxing)

.comment        0x0000000000000000       0x50
 .comment       0x0000000000000000       0x50 ./STM32-Custom-Bootloader/src/CustomBootloader.o
                                         0x51 (size before relaxing)
 .comment       0x0000000000000050       0x51 ./STM32-Drivers/HMCAL/CAN/CAN.o
 .comment       0x0000000000000050       0x51 ./STM32-Drivers/HMCAL/DMA/DMA.o
 .comment       0x0000000000000050       0x51 ./STM32-Drivers/HMCAL/EXTI/EXTI.o
 .comment       0x0000000000000050       0x51 ./STM32-Drivers/HMCAL/FMI/FMI.o
 .comment       0x0000000000000050       0x51 ./STM32-Drivers/HMCAL/GPIO/GPIO.o
 .comment       0x0000000000000050       0x51 ./STM32-Drivers/HMCAL/Interrupt/InterruptHandlers.o
 .comment       0x0000000000000050       0x51 ./STM32-Drivers/HMCAL/RCC/RCC.o
 .comment       0x0000000000000050       0x51 ./STM32-Drivers/HMCAL/SYSCFG/SYSCFG.o
 .comment       0x0000000000000050       0x51 ./STM32-Drivers/HMCAL/USART/USART.o
 .comment       0x0000000000000050       0x51 ./STM32-Drivers/LIB/utils.o
 .comment       0x0000000000000050       0x51 ./STM32-Drivers/LMCAL/NVIC/NVIC.o
 .comment       0x0000000000000050       0x51 ./STM32-Drivers/LMCAL/SCB/SCB.o
 .comment       0x0000000000000050       0x51 ./STM32-Drivers/LMCAL/SYSTICK/SYSTICK.o
 .comment       0x0000000000000050       0x51 ./STM32_Drivers_Configurations/Driver_SystemInitialization.o
 .comment       0x0000000000000050       0x51 ./Src/main.o

.debug_frame    0x0000000000000000     0x214c
 .debug_frame   0x0000000000000000      0x238 ./STM32-Custom-Bootloader/src/CustomBootloader.o
 .debug_frame   0x0000000000000238      0x128 ./STM32-Drivers/HMCAL/CAN/CAN.o
 .debug_frame   0x0000000000000360      0x14c ./STM32-Drivers/HMCAL/DMA/DMA.o
 .debug_frame   0x00000000000004ac       0x88 ./STM32-Drivers/HMCAL/EXTI/EXTI.o
 .debug_frame   0x0000000000000534       0xb0 ./STM32-Drivers/HMCAL/FMI/FMI.o
 .debug_frame   0x00000000000005e4      0x174 ./STM32-Drivers/HMCAL/GPIO/GPIO.o
 .debug_frame   0x0000000000000758      0xc88 ./STM32-Drivers/HMCAL/Interrupt/InterruptHandlers.o
 .debug_frame   0x00000000000013e0      0x388 ./STM32-Drivers/HMCAL/RCC/RCC.o
 .debug_frame   0x0000000000001768       0x5c ./STM32-Drivers/HMCAL/SYSCFG/SYSCFG.o
 .debug_frame   0x00000000000017c4      0x38c ./STM32-Drivers/HMCAL/USART/USART.o
 .debug_frame   0x0000000000001b50       0x78 ./STM32-Drivers/LIB/utils.o
 .debug_frame   0x0000000000001bc8      0x150 ./STM32-Drivers/LMCAL/NVIC/NVIC.o
 .debug_frame   0x0000000000001d18      0x110 ./STM32-Drivers/LMCAL/SCB/SCB.o
 .debug_frame   0x0000000000001e28       0x9c ./STM32-Drivers/LMCAL/SYSTICK/SYSTICK.o
 .debug_frame   0x0000000000001ec4       0x2c ./STM32_Drivers_Configurations/Driver_SystemInitialization.o
 .debug_frame   0x0000000000001ef0       0x2c ./Src/main.o
 .debug_frame   0x0000000000001f1c       0x2c /opt/st/stm32cubeide_1.12.1/plugins/com.st.stm32cube.ide.mcu.externaltools.gnu-tools-for-stm32.10.3-2021.10.linux64_1.0.200.202301161003/tools/bin/../lib/gcc/arm-none-eabi/10.3.1/../../../../arm-none-eabi/lib/thumb/v7e-m+fp/hard/libc_nano.a(lib_a-init.o)
 .debug_frame   0x0000000000001f48       0x20 /opt/st/stm32cubeide_1.12.1/plugins/com.st.stm32cube.ide.mcu.externaltools.gnu-tools-for-stm32.10.3-2021.10.linux64_1.0.200.202301161003/tools/bin/../lib/gcc/arm-none-eabi/10.3.1/../../../../arm-none-eabi/lib/thumb/v7e-m+fp/hard/libc_nano.a(lib_a-memset.o)
 .debug_frame   0x0000000000001f68       0xac /opt/st/stm32cubeide_1.12.1/plugins/com.st.stm32cube.ide.mcu.externaltools.gnu-tools-for-stm32.10.3-2021.10.linux64_1.0.200.202301161003/tools/bin/../lib/gcc/arm-none-eabi/10.3.1/thumb/v7e-m+fp/hard/libgcc.a(_arm_addsubdf3.o)
 .debug_frame   0x0000000000002014       0x50 /opt/st/stm32cubeide_1.12.1/plugins/com.st.stm32cube.ide.mcu.externaltools.gnu-tools-for-stm32.10.3-2021.10.linux64_1.0.200.202301161003/tools/bin/../lib/gcc/arm-none-eabi/10.3.1/thumb/v7e-m+fp/hard/libgcc.a(_arm_muldivdf3.o)
 .debug_frame   0x0000000000002064       0xc4 /opt/st/stm32cubeide_1.12.1/plugins/com.st.stm32cube.ide.mcu.externaltools.gnu-tools-for-stm32.10.3-2021.10.linux64_1.0.200.202301161003/tools/bin/../lib/gcc/arm-none-eabi/10.3.1/thumb/v7e-m+fp/hard/libgcc.a(_arm_cmpdf2.o)
 .debug_frame   0x0000000000002128       0x24 /opt/st/stm32cubeide_1.12.1/plugins/com.st.stm32cube.ide.mcu.externaltools.gnu-tools-for-stm32.10.3-2021.10.linux64_1.0.200.202301161003/tools/bin/../lib/gcc/arm-none-eabi/10.3.1/thumb/v7e-m+fp/hard/libgcc.a(_arm_fixunsdfsi.o)
