../STM32-Drivers/HMCAL/Interrupt/InterruptHandlers.c:75:6:InterruptHandler_Init_v	16	static
../STM32-Drivers/HMCAL/Interrupt/InterruptHandlers.c:102:6:InterruptHandler_SetEXTIxCallback_void	24	static
../STM32-Drivers/HMCAL/Interrupt/InterruptHandlers.c:125:6:InterruptHandler_SetDMACallback_v	24	static
../STM32-Drivers/HMCAL/Interrupt/InterruptHandlers.c:135:6:InterruptHandler_SetUSARTCallback_v	24	static
../STM32-Drivers/HMCAL/Interrupt/InterruptHandlers.c:151:6:NMI_Handler	4	static
../STM32-Drivers/HMCAL/Interrupt/InterruptHandlers.c:154:6:HardFault_Handler	4	static
../STM32-Drivers/HMCAL/Interrupt/InterruptHandlers.c:157:6:MemManage_Handler	4	static
../STM32-Drivers/HMCAL/Interrupt/InterruptHandlers.c:160:6:BusFault_Handler	4	static
../STM32-Drivers/HMCAL/Interrupt/InterruptHandlers.c:163:6:UsageFault_Handler	4	static
../STM32-Drivers/HMCAL/Interrupt/InterruptHandlers.c:167:6:SVC_Handler	4	static
../STM32-Drivers/HMCAL/Interrupt/InterruptHandlers.c:175:6:DebugMon_Handler	4	static
../STM32-Drivers/HMCAL/Interrupt/InterruptHandlers.c:180:6:PendSV_Handler	4	static
../STM32-Drivers/HMCAL/Interrupt/InterruptHandlers.c:185:6:WWDG_IRQHandler	4	static
../STM32-Drivers/HMCAL/Interrupt/InterruptHandlers.c:189:6:PVD_IRQHandler	4	static
../STM32-Drivers/HMCAL/Interrupt/InterruptHandlers.c:193:6:TAMP_STAMP_IRQHandler	4	static
../STM32-Drivers/HMCAL/Interrupt/InterruptHandlers.c:197:6:RTC_WKUP_IRQHandler	4	static
../STM32-Drivers/HMCAL/Interrupt/InterruptHandlers.c:201:6:RCC_IRQHandler	4	static
../STM32-Drivers/HMCAL/Interrupt/InterruptHandlers.c:206:6:EXTI0_IRQHandler	16	static
../STM32-Drivers/HMCAL/Interrupt/InterruptHandlers.c:223:6:EXTI1_IRQHandler	16	static
../STM32-Drivers/HMCAL/Interrupt/InterruptHandlers.c:240:6:EXTI2_IRQHandler	16	static
../STM32-Drivers/HMCAL/Interrupt/InterruptHandlers.c:257:6:EXTI3_IRQHandler	16	static
../STM32-Drivers/HMCAL/Interrupt/InterruptHandlers.c:275:6:EXTI4_IRQHandler	16	static
../STM32-Drivers/HMCAL/Interrupt/InterruptHandlers.c:293:6:DMA1_Stream0_IRQHandler	16	static
../STM32-Drivers/HMCAL/Interrupt/InterruptHandlers.c:297:6:DMA1_Stream1_IRQHandler	16	static
../STM32-Drivers/HMCAL/Interrupt/InterruptHandlers.c:301:6:DMA1_Stream2_IRQHandler	16	static
../STM32-Drivers/HMCAL/Interrupt/InterruptHandlers.c:305:6:DMA1_Stream3_IRQHandler	16	static
../STM32-Drivers/HMCAL/Interrupt/InterruptHandlers.c:309:6:DMA1_Stream4_IRQHandler	16	static
../STM32-Drivers/HMCAL/Interrupt/InterruptHandlers.c:313:6:DMA1_Stream5_IRQHandler	16	static
../STM32-Drivers/HMCAL/Interrupt/InterruptHandlers.c:317:6:DMA1_Stream6_IRQHandler	16	static
../STM32-Drivers/HMCAL/Interrupt/InterruptHandlers.c:321:6:ADC_IRQHandler	4	static
../STM32-Drivers/HMCAL/Interrupt/InterruptHandlers.c:325:6:CAN1_TX_IRQHandler	4	static
../STM32-Drivers/HMCAL/Interrupt/InterruptHandlers.c:329:6:CAN1_RX0_IRQHandler	4	static
../STM32-Drivers/HMCAL/Interrupt/InterruptHandlers.c:334:6:CAN1_RX1_IRQHandler	4	static
../STM32-Drivers/HMCAL/Interrupt/InterruptHandlers.c:337:6:CAN1_SCE_IRQHandler	4	static
../STM32-Drivers/HMCAL/Interrupt/InterruptHandlers.c:341:6:EXTI9_5_IRQHandler	16	static
../STM32-Drivers/HMCAL/Interrupt/InterruptHandlers.c:364:6:TIM1_BRK_TIM9_IRQHandler	4	static
../STM32-Drivers/HMCAL/Interrupt/InterruptHandlers.c:367:6:TIM1_UP_TIM10_IRQHandler	4	static
../STM32-Drivers/HMCAL/Interrupt/InterruptHandlers.c:370:6:TIM1_TRG_COM_TIM11_IRQHandler	4	static
../STM32-Drivers/HMCAL/Interrupt/InterruptHandlers.c:373:6:TIM1_CC_IRQHandler	4	static
../STM32-Drivers/HMCAL/Interrupt/InterruptHandlers.c:375:6:TIM2_IRQHandler	4	static
../STM32-Drivers/HMCAL/Interrupt/InterruptHandlers.c:378:6:TIM3_IRQHandler	4	static
../STM32-Drivers/HMCAL/Interrupt/InterruptHandlers.c:381:6:TIM4_IRQHandler	4	static
../STM32-Drivers/HMCAL/Interrupt/InterruptHandlers.c:384:6:I2C1_EV_IRQHandler	4	static
../STM32-Drivers/HMCAL/Interrupt/InterruptHandlers.c:387:6:I2C1_ER_IRQHandler	4	static
../STM32-Drivers/HMCAL/Interrupt/InterruptHandlers.c:390:6:I2C2_EV_IRQHandler	4	static
../STM32-Drivers/HMCAL/Interrupt/InterruptHandlers.c:393:6:I2C2_ER_IRQHandler	4	static
../STM32-Drivers/HMCAL/Interrupt/InterruptHandlers.c:396:6:SPI1_IRQHandler	4	static
../STM32-Drivers/HMCAL/Interrupt/InterruptHandlers.c:431:6:SPI2_IRQHandler	4	static
../STM32-Drivers/HMCAL/Interrupt/InterruptHandlers.c:467:6:USART1_IRQHandler	16	static
../STM32-Drivers/HMCAL/Interrupt/InterruptHandlers.c:471:6:USART2_IRQHandler	16	static
../STM32-Drivers/HMCAL/Interrupt/InterruptHandlers.c:475:6:USART3_IRQHandler	16	static
../STM32-Drivers/HMCAL/Interrupt/InterruptHandlers.c:479:6:EXTI15_10_IRQHandler	16	static
../STM32-Drivers/HMCAL/Interrupt/InterruptHandlers.c:504:6:RTC_Alarm_IRQHandler	4	static
../STM32-Drivers/HMCAL/Interrupt/InterruptHandlers.c:507:6:OTG_FS_WKUP_IRQHandler	4	static
../STM32-Drivers/HMCAL/Interrupt/InterruptHandlers.c:510:6:TIM8_BRK_TIM12_IRQHandler	4	static
../STM32-Drivers/HMCAL/Interrupt/InterruptHandlers.c:513:6:TIM8_UP_TIM13_IRQHandler	4	static
../STM32-Drivers/HMCAL/Interrupt/InterruptHandlers.c:516:6:TIM8_TRG_COM_TIM14_IRQHandler	4	static
../STM32-Drivers/HMCAL/Interrupt/InterruptHandlers.c:519:6:TIM8_CC_IRQHandler	4	static
../STM32-Drivers/HMCAL/Interrupt/InterruptHandlers.c:522:6:DMA1_Stream7_IRQHandler	16	static
../STM32-Drivers/HMCAL/Interrupt/InterruptHandlers.c:526:6:FSMC_IRQHandler	4	static
../STM32-Drivers/HMCAL/Interrupt/InterruptHandlers.c:529:6:SDIO_IRQHandler	4	static
../STM32-Drivers/HMCAL/Interrupt/InterruptHandlers.c:532:6:TIM5_IRQHandler	4	static
../STM32-Drivers/HMCAL/Interrupt/InterruptHandlers.c:535:6:SPI3_IRQHandler	4	static
../STM32-Drivers/HMCAL/Interrupt/InterruptHandlers.c:573:6:UART4_IRQHandler	16	static
../STM32-Drivers/HMCAL/Interrupt/InterruptHandlers.c:577:6:UART5_IRQHandler	16	static
../STM32-Drivers/HMCAL/Interrupt/InterruptHandlers.c:582:6:TIM6_DAC_IRQHandler	4	static
../STM32-Drivers/HMCAL/Interrupt/InterruptHandlers.c:591:6:TIM7_IRQHandler	4	static
../STM32-Drivers/HMCAL/Interrupt/InterruptHandlers.c:600:6:DMA2_Stream0_IRQHandler	16	static
../STM32-Drivers/HMCAL/Interrupt/InterruptHandlers.c:605:6:DMA2_Stream1_IRQHandler	16	static
../STM32-Drivers/HMCAL/Interrupt/InterruptHandlers.c:609:6:DMA2_Stream2_IRQHandler	16	static
../STM32-Drivers/HMCAL/Interrupt/InterruptHandlers.c:613:6:DMA2_Stream3_IRQHandler	16	static
../STM32-Drivers/HMCAL/Interrupt/InterruptHandlers.c:617:6:DMA2_Stream4_IRQHandler	16	static
../STM32-Drivers/HMCAL/Interrupt/InterruptHandlers.c:621:6:ETH_IRQHandler	4	static
../STM32-Drivers/HMCAL/Interrupt/InterruptHandlers.c:624:6:ETH_WKUP_IRQHandler	4	static
../STM32-Drivers/HMCAL/Interrupt/InterruptHandlers.c:627:6:CAN2_TX_IRQHandler	4	static
../STM32-Drivers/HMCAL/Interrupt/InterruptHandlers.c:630:6:CAN2_RX0_IRQHandler	4	static
../STM32-Drivers/HMCAL/Interrupt/InterruptHandlers.c:633:6:CAN2_RX1_IRQHandler	4	static
../STM32-Drivers/HMCAL/Interrupt/InterruptHandlers.c:636:6:CAN2_SCE_IRQHandler	4	static
../STM32-Drivers/HMCAL/Interrupt/InterruptHandlers.c:640:6:OTG_FS_IRQHandler	4	static
../STM32-Drivers/HMCAL/Interrupt/InterruptHandlers.c:643:6:DMA2_Stream5_IRQHandler	16	static
../STM32-Drivers/HMCAL/Interrupt/InterruptHandlers.c:647:6:DMA2_Stream6_IRQHandler	16	static
../STM32-Drivers/HMCAL/Interrupt/InterruptHandlers.c:651:6:DMA2_Stream7_IRQHandler	16	static
../STM32-Drivers/HMCAL/Interrupt/InterruptHandlers.c:655:6:USART6_IRQHandler	16	static
../STM32-Drivers/HMCAL/Interrupt/InterruptHandlers.c:659:6:I2C3_EV_IRQHandler	4	static
../STM32-Drivers/HMCAL/Interrupt/InterruptHandlers.c:662:6:I2C3_ER_IRQHandler	4	static
../STM32-Drivers/HMCAL/Interrupt/InterruptHandlers.c:665:6:OTG_HS_EP1_OUT_IRQHandler	4	static
../STM32-Drivers/HMCAL/Interrupt/InterruptHandlers.c:668:6:OTG_HS_EP1_IN_IRQHandler	4	static
../STM32-Drivers/HMCAL/Interrupt/InterruptHandlers.c:671:6:OTG_HS_WKUP_IRQHandler	4	static
../STM32-Drivers/HMCAL/Interrupt/InterruptHandlers.c:674:6:OTG_HS_IRQHandler	4	static
../STM32-Drivers/HMCAL/Interrupt/InterruptHandlers.c:677:6:DCMI_IRQHandler	4	static
../STM32-Drivers/HMCAL/Interrupt/InterruptHandlers.c:680:6:CRYP_IRQHandler	4	static
../STM32-Drivers/HMCAL/Interrupt/InterruptHandlers.c:683:6:HASH_RNG_IRQHandler	4	static
../STM32-Drivers/HMCAL/Interrupt/InterruptHandlers.c:686:6:FPU_IRQHandler	4	static
../STM32-Drivers/HMCAL/Interrupt/InterruptHandlers.c:689:6:LCD_TFT_IRQHandler	4	static
../STM32-Drivers/HMCAL/Interrupt/InterruptHandlers.c:692:6:LCD_TFT_1_IRQHandler	4	static
